Component: Arm Compiler for Embedded 6.21 Tool: armlink [5ec1fa00]

==============================================================================

Section Cross References

    startup.o(STACK) refers (Special) to heapauxi.o(.text) for __use_two_region_memory
    startup.o(HEAP) refers (Special) to heapauxi.o(.text) for __use_two_region_memory
    startup.o(RESET) refers (Special) to heapauxi.o(.text) for __use_two_region_memory
    startup.o(RESET) refers to startup.o(STACK) for StackMem
    startup.o(RESET) refers to spaceinvadersv4.o(.text.SysTick_Handler) for SysTick_Handler
    startup.o(RESET) refers to timer0.o(.text.Timer1A_Handler) for Timer1A_Handler
    startup.o(RESET) refers to spaceinvadersv4.o(.text.GPIOPortF_Handler) for GPIOPortF_Handler
    startup.o(RESET) refers to __main.o(!!!main) for __main
    startup.o(.text) refers (Special) to heapauxi.o(.text) for __use_two_region_memory
    startup.o(.text) refers to startup.o(HEAP) for HeapMem
    startup.o(.text) refers to startup.o(STACK) for StackMem
    nokia5110.o(.text.Nokia5110_Init) refers to nokia5110.o(.text.lcdwrite) for lcdwrite
    nokia5110.o(.ARM.exidx.text.Nokia5110_Init) refers to nokia5110.o(.text.Nokia5110_Init) for [Anonymous Symbol]
    nokia5110.o(.text.lcdwrite) refers to startup.o(.text) for DisableInterrupts
    nokia5110.o(.ARM.exidx.text.lcdwrite) refers to nokia5110.o(.text.lcdwrite) for [Anonymous Symbol]
    nokia5110.o(.text.Nokia5110_OutChar) refers to nokia5110.o(.text.lcdwrite) for lcdwrite
    nokia5110.o(.text.Nokia5110_OutChar) refers to nokia5110.o(.rodata.ASCII) for ASCII
    nokia5110.o(.ARM.exidx.text.Nokia5110_OutChar) refers to nokia5110.o(.text.Nokia5110_OutChar) for [Anonymous Symbol]
    nokia5110.o(.text.Nokia5110_OutString) refers to nokia5110.o(.text.Nokia5110_OutChar) for Nokia5110_OutChar
    nokia5110.o(.ARM.exidx.text.Nokia5110_OutString) refers to nokia5110.o(.text.Nokia5110_OutString) for [Anonymous Symbol]
    nokia5110.o(.text.Nokia5110_OutUDec) refers to nokia5110.o(.rodata.str1.1) for .L.str
    nokia5110.o(.text.Nokia5110_OutUDec) refers to nokia5110.o(.text.Nokia5110_OutString) for Nokia5110_OutString
    nokia5110.o(.text.Nokia5110_OutUDec) refers to nokia5110.o(.text.Nokia5110_OutChar) for Nokia5110_OutChar
    nokia5110.o(.ARM.exidx.text.Nokia5110_OutUDec) refers to nokia5110.o(.text.Nokia5110_OutUDec) for [Anonymous Symbol]
    nokia5110.o(.text.Nokia5110_SetCursor) refers to nokia5110.o(.text.lcdwrite) for lcdwrite
    nokia5110.o(.ARM.exidx.text.Nokia5110_SetCursor) refers to nokia5110.o(.text.Nokia5110_SetCursor) for [Anonymous Symbol]
    nokia5110.o(.text.Nokia5110_Clear) refers to nokia5110.o(.text.lcdwrite) for lcdwrite
    nokia5110.o(.text.Nokia5110_Clear) refers to nokia5110.o(.text.Nokia5110_SetCursor) for Nokia5110_SetCursor
    nokia5110.o(.ARM.exidx.text.Nokia5110_Clear) refers to nokia5110.o(.text.Nokia5110_Clear) for [Anonymous Symbol]
    nokia5110.o(.text.Nokia5110_DrawFullImage) refers to nokia5110.o(.text.Nokia5110_SetCursor) for Nokia5110_SetCursor
    nokia5110.o(.text.Nokia5110_DrawFullImage) refers to nokia5110.o(.text.lcdwrite) for lcdwrite
    nokia5110.o(.ARM.exidx.text.Nokia5110_DrawFullImage) refers to nokia5110.o(.text.Nokia5110_DrawFullImage) for [Anonymous Symbol]
    nokia5110.o(.text.Nokia5110_PrintBMP) refers to nokia5110.o(.bss.Screen) for Screen
    nokia5110.o(.ARM.exidx.text.Nokia5110_PrintBMP) refers to nokia5110.o(.text.Nokia5110_PrintBMP) for [Anonymous Symbol]
    nokia5110.o(.text.Nokia5110_ClearBuffer) refers to nokia5110.o(.bss.Screen) for Screen
    nokia5110.o(.ARM.exidx.text.Nokia5110_ClearBuffer) refers to nokia5110.o(.text.Nokia5110_ClearBuffer) for [Anonymous Symbol]
    nokia5110.o(.text.Nokia5110_SetPixel) refers to nokia5110.o(.bss.Screen) for Screen
    nokia5110.o(.ARM.exidx.text.Nokia5110_SetPixel) refers to nokia5110.o(.text.Nokia5110_SetPixel) for [Anonymous Symbol]
    nokia5110.o(.text.Nokia5110_ClearPixel) refers to nokia5110.o(.bss.Screen) for Screen
    nokia5110.o(.ARM.exidx.text.Nokia5110_ClearPixel) refers to nokia5110.o(.text.Nokia5110_ClearPixel) for [Anonymous Symbol]
    nokia5110.o(.text.Nokia5110_DisplayBuffer) refers to nokia5110.o(.bss.Screen) for Screen
    nokia5110.o(.text.Nokia5110_DisplayBuffer) refers to nokia5110.o(.text.Nokia5110_DrawFullImage) for Nokia5110_DrawFullImage
    nokia5110.o(.ARM.exidx.text.Nokia5110_DisplayBuffer) refers to nokia5110.o(.text.Nokia5110_DisplayBuffer) for [Anonymous Symbol]
    pll.o(.ARM.exidx.text.PLL_Init) refers to pll.o(.text.PLL_Init) for [Anonymous Symbol]
    systick.o(.ARM.exidx.text.SysTick_Init) refers to systick.o(.text.SysTick_Init) for [Anonymous Symbol]
    systick.o(.ARM.exidx.text.SysTick_Wait3s) refers to systick.o(.text.SysTick_Wait3s) for [Anonymous Symbol]
    switch.o(.ARM.exidx.text.Switch_Init) refers to switch.o(.text.Switch_Init) for [Anonymous Symbol]
[...]
    .ARM.Collect$$_printf_percent$$00000003  0x00000330   Section        6  _printf_f.o(.ARM.Collect$$_printf_percent$$00000003)
    .ARM.Collect$$_printf_percent$$00000004  0x00000336   Section        6  _printf_e.o(.ARM.Collect$$_printf_percent$$00000004)
    .ARM.Collect$$_printf_percent$$00000005  0x0000033c   Section        6  _printf_g.o(.ARM.Collect$$_printf_percent$$00000005)
    .ARM.Collect$$_printf_percent$$00000006  0x00000342   Section        6  _printf_a.o(.ARM.Collect$$_printf_percent$$00000006)
    .ARM.Collect$$_printf_percent$$00000007  0x00000348   Section       10  _printf_ll.o(.ARM.Collect$$_printf_percent$$00000007)
    .ARM.Collect$$_printf_percent$$00000008  0x00000352   Section        6  _printf_i.o(.ARM.Collect$$_printf_percent$$00000008)
    .ARM.Collect$$_printf_percent$$00000009  0x00000358   Section        6  _printf_d.o(.ARM.Collect$$_printf_percent$$00000009)
    .ARM.Collect$$_printf_percent$$0000000A  0x0000035e   Section        6  _printf_u.o(.ARM.Collect$$_printf_percent$$0000000A)
    .ARM.Collect$$_printf_percent$$0000000B  0x00000364   Section        6  _printf_o.o(.ARM.Collect$$_printf_percent$$0000000B)
    .ARM.Collect$$_printf_percent$$0000000C  0x0000036a   Section        6  _printf_x.o(.ARM.Collect$$_printf_percent$$0000000C)
    .ARM.Collect$$_printf_percent$$0000000D  0x00000370   Section        6  _printf_lli.o(.ARM.Collect$$_printf_percent$$0000000D)
    .ARM.Collect$$_printf_percent$$0000000E  0x00000376   Section        6  _printf_lld.o(.ARM.Collect$$_printf_percent$$0000000E)
    .ARM.Collect$$_printf_percent$$0000000F  0x0000037c   Section        6  _printf_llu.o(.ARM.Collect$$_printf_percent$$0000000F)
    .ARM.Collect$$_printf_percent$$00000010  0x00000382   Section        6  _printf_llo.o(.ARM.Collect$$_printf_percent$$00000010)
    .ARM.Collect$$_printf_percent$$00000011  0x00000388   Section        6  _printf_llx.o(.ARM.Collect$$_printf_percent$$00000011)
    .ARM.Collect$$_printf_percent$$00000012  0x0000038e   Section       10  _printf_l.o(.ARM.Collect$$_printf_percent$$00000012)
    .ARM.Collect$$_printf_percent$$00000013  0x00000398   Section        6  _printf_c.o(.ARM.Collect$$_printf_percent$$00000013)
    .ARM.Collect$$_printf_percent$$00000014  0x0000039e   Section        6  _printf_s.o(.ARM.Collect$$_printf_percent$$00000014)
    .ARM.Collect$$_printf_percent$$00000015  0x000003a4   Section        6  _printf_lc.o(.ARM.Collect$$_printf_percent$$00000015)
    .ARM.Collect$$_printf_percent$$00000016  0x000003aa   Section        6  _printf_ls.o(.ARM.Collect$$_printf_percent$$00000016)
    .ARM.Collect$$_printf_percent$$00000017  0x000003b0   Section        4  _printf_percent_end.o(.ARM.Collect$$_printf_percent$$00000017)
    .ARM.Collect$$libinit$$00000000          0x000003b4   Section        2  libinit.o(.ARM.Collect$$libinit$$00000000)
    .ARM.Collect$$libinit$$00000002          0x000003b6   Section        0  libinit2.o(.ARM.Collect$$libinit$$00000002)
    .ARM.Collect$$libinit$$00000004          0x000003b6   Section        0  libinit2.o(.ARM.Collect$$libinit$$00000004)
    .ARM.Collect$$libinit$$00000006          0x000003b6   Section        0  libinit2.o(.ARM.Collect$$libinit$$00000006)
    .ARM.Collect$$libinit$$0000000C          0x000003b6   Section        0  libinit2.o(.ARM.Collect$$libinit$$0000000C)
    .ARM.Collect$$libinit$$0000000E          0x000003b6   Section        0  libinit2.o(.ARM.Collect$$libinit$$0000000E)
    .ARM.Collect$$libinit$$00000010          0x000003b6   Section        0  libinit2.o(.ARM.Collect$$libinit$$00000010)
    .ARM.Collect$$libinit$$00000011          0x000003b6   Section        6  libinit2.o(.ARM.Collect$$libinit$$00000011)
    .ARM.Collect$$libinit$$00000013          0x000003bc   Section        0  libinit2.o(.ARM.Collect$$libinit$$00000013)
    .ARM.Collect$$libinit$$00000014          0x000003bc   Section       12  libinit2.o(.ARM.Collect$$libinit$$00000014)
    .ARM.Collect$$libinit$$00000015          0x000003c8   Section        0  libinit2.o(.ARM.Collect$$libinit$$00000015)
    .ARM.Collect$$libinit$$00000017          0x000003c8   Section        0  libinit2.o(.ARM.Collect$$libinit$$00000017)
    .ARM.Collect$$libinit$$00000018          0x000003c8   Section       10  libinit2.o(.ARM.Collect$$libinit$$00000018)
    .ARM.Collect$$libinit$$00000019          0x000003d2   Section        0  libinit2.o(.ARM.Collect$$libinit$$00000019)
    .ARM.Collect$$libinit$$0000001B          0x000003d2   Section        0  libinit2.o(.ARM.Collect$$libinit$$0000001B)
    .ARM.Collect$$libinit$$0000001D          0x000003d2   Section        0  libinit2.o(.ARM.Collect$$libinit$$0000001D)
    .ARM.Collect$$libinit$$0000001F          0x000003d2   Section        0  libinit2.o(.ARM.Collect$$libinit$$0000001F)
    .ARM.Collect$$libinit$$00000021          0x000003d2   Section        0  libinit2.o(.ARM.Collect$$libinit$$00000021)
    .ARM.Collect$$libinit$$00000023          0x000003d2   Section        0  libinit2.o(.ARM.Collect$$libinit$$00000023)
    .ARM.Collect$$libinit$$00000025          0x000003d2   Section        0  libinit2.o(.ARM.Collect$$libinit$$00000025)
    .ARM.Collect$$libinit$$00000027          0x000003d2   Section        0  libinit2.o(.ARM.Collect$$libinit$$00000027)
    .ARM.Collect$$libinit$$0000002E          0x000003d2   Section        0  libinit2.o(.ARM.Collect$$libinit$$0000002E)
    .ARM.Collect$$libinit$$00000030          0x000003d2   Section        0  libinit2.o(.ARM.Collect$$libinit$$00000030)
    .ARM.Collect$$libinit$$00000032          0x000003d2   Section        0  libinit2.o(.ARM.Collect$$libinit$$00000032)
    .ARM.Collect$$libinit$$00000034          0x000003d2   Section        0  libinit2.o(.ARM.Collect$$libinit$$00000034)
    .ARM.Collect$$libinit$$00000035          0x000003d2   Section        2  libinit2.o(.ARM.Collect$$libinit$$00000035)
    .ARM.Collect$$libshutdown$$00000000      0x000003d4   Section        2  libshutdown.o(.ARM.Collect$$libshutdown$$00000000)
    .ARM.Collect$$libshutdown$$00000002      0x000003d6   Section        0  libshutdown2.o(.ARM.Collect$$libshutdown$$00000002)
    .ARM.Collect$$libshutdown$$00000004      0x000003d6   Section        0  libshutdown2.o(.ARM.Collect$$libshutdown$$00000004)
    .ARM.Collect$$libshutdown$$00000007      0x000003d6   Section        0  libshutdown2.o(.ARM.Collect$$libshutdown$$00000007)
    .ARM.Collect$$libshutdown$$0000000A      0x000003d6   Section        0  libshutdown2.o(.ARM.Collect$$libshutdown$$0000000A)
    .ARM.Collect$$libshutdown$$0000000C      0x000003d6   Section        0  libshutdown2.o(.ARM.Collect$$libshutdown$$0000000C)
    .ARM.Collect$$libshutdown$$0000000F      0x000003d6   Section        0  libshutdown2.o(.ARM.Collect$$libshutdown$$0000000F)
    .ARM.Collect$$libshutdown$$00000010      0x000003d6   Section        2  libshutdown2.o(.ARM.Collect$$libshutdown$$00000010)
    .ARM.Collect$$rtentry$$00000000          0x000003d8   Section        0  __rtentry.o(.ARM.Collect$$rtentry$$00000000)
    .ARM.Collect$$rtentry$$00000002          0x000003d8   Section        0  __rtentry2.o(.ARM.Collect$$rtentry$$00000002)
    .ARM.Collect$$rtentry$$00000004          0x000003d8   Section        6  __rtentry4.o(.ARM.Collect$$rtentry$$00000004)
    .ARM.Collect$$rtentry$$00000009          0x000003de   Section        0  __rtentry2.o(.ARM.Collect$$rtentry$$00000009)
    .ARM.Collect$$rtentry$$0000000A          0x000003de   Section        4  __rtentry2.o(.ARM.Collect$$rtentry$$0000000A)
    .ARM.Collect$$rtentry$$0000000C          0x000003e2   Section        0  __rtentry2.o(.ARM.Collect$$rtentry$$0000000C)
    .ARM.Collect$$rtentry$$0000000D          0x000003e2   Section        8  __rtentry2.o(.ARM.Collect$$rtentry$$0000000D)
    .ARM.Collect$$rtexit$$00000000           0x000003ea   Section        2  rtexit.o(.ARM.Collect$$rtexit$$00000000)
    .ARM.Collect$$rtexit$$00000002           0x000003ec   Section        0  rtexit2.o(.ARM.Collect$$rtexit$$00000002)
    .ARM.Collect$$rtexit$$00000003           0x000003ec   Section        4  rtexit2.o(.ARM.Collect$$rtexit$$00000003)
    .ARM.Collect$$rtexit$$00000004           0x000003f0   Section        6  rtexit2.o(.ARM.Collect$$rtexit$$00000004)
    .text                                    0x000003f8   Section       48  startup.o(.text)
    .text                                    0x00000428   Section        0  sprintf.o(.text)
    .text                                    0x00000454   Section        0  heapauxi.o(.text)
    .text                                    0x0000045a   Section        0  _printf_pad.o(.text)
    .text                                    0x000004a8   Section        0  _printf_truncate.o(.text)
    .text                                    0x000004cc   Section        0  _printf_str.o(.text)
    .text                                    0x00000520   Section        0  _printf_dec.o(.text)
    .text                                    0x00000598   Section        0  _printf_charcount.o(.text)
    _printf_input_char                       0x000005c1   Thumb Code    10  _printf_char_common.o(.text)
    .text                                    0x000005c0   Section        0  _printf_char_common.o(.text)
    .text                                    0x000005f0   Section        0  _sputc.o(.text)
    .text                                    0x000005fc   Section        0  _printf_wctomb.o(.text)
    .text                                    0x000006b8   Section        0  _printf_longlong_dec.o(.text)
    _printf_longlong_oct_internal            0x00000735   Thumb Code     0  _printf_oct_int_ll.o(.text)
    .text                                    0x00000734   Section        0  _printf_oct_int_ll.o(.text)
    _printf_hex_common                       0x000007a5   Thumb Code     0  _printf_hex_int_ll_ptr.o(.text)
    .text                                    0x000007a4   Section        0  _printf_hex_int_ll_ptr.o(.text)
    .text                                    0x00000838   Section        0  __printf_flags_ss_wp.o(.text)
    .text                                    0x000009c0   Section      138  lludiv10.o(.text)
    .text                                    0x00000a4a   Section        0  _printf_intcommon.o(.text)
    _fp_digits                               0x00000afd   Thumb Code   432  _printf_fp_dec.o(.text)
    .text                                    0x00000afc   Section        0  _printf_fp_dec.o(.text)
    .text                                    0x00000f18   Section        0  _printf_fp_hex.o(.text)
    .text                                    0x00001214   Section        0  _printf_char.o(.text)
    .text                                    0x00001240   Section        0  _printf_wchar.o(.text)
    .text                                    0x0000126c   Section        0  _c16rtomb.o(.text)
    .text                                    0x000012b4   Section       74  sys_stackheap_outer.o(.text)
    .text                                    0x00001300   Section       16  rt_ctype_table.o(.text)
    .text                                    0x00001310   Section        8  rt_locale_intlibspace.o(.text)
    .text                                    0x00001318   Section        0  _printf_fp_infnan.o(.text)
    .text                                    0x00001398   Section        0  bigflt0.o(.text)
    .text                                    0x0000147c   Section        0  exit.o(.text)
    .text                                    0x00001490   Section        8  libspace.o(.text)
    .text                                    0x00001498   Section      124  strcmpv7em.o(.text)
    .text                                    0x00001514   Section        0  sys_exit.o(.text)
    .text                                    0x00001520   Section        2  use_no_semi.o(.text)
    .text                                    0x00001522   Section        0  indicate_semi.o(.text)
    [Anonymous Symbol]                       0x00001524   Section        0  adc1ss3.o(.text.ADC1SS3_In)
    [Anonymous Symbol]                       0x00001574   Section        0  adc1ss3.o(.text.ADC1SS3_Init)
    [Anonymous Symbol]                       0x00001668   Section        0  adc1ss3.o(.text.ADCValue_To_X_AXIS)
    [Anonymous Symbol]                       0x0000169c   Section        0  dac.o(.text.DAC_Init)
    [Anonymous Symbol]                       0x00001718   Section        0  dac.o(.text.DAC_Out)
    [Anonymous Symbol]                       0x00001730   Section        0  spaceinvadersv4.o(.text.Delay100ms)
    [Anonymous Symbol]                       0x00001764   Section        0  spaceinvadersv4.o(.text.Draw)
    [Anonymous Symbol]                       0x00001854   Section        0  spaceinvadersv4.o(.text.End_Prompt)
    [Anonymous Symbol]                       0x000018e0   Section        0  spaceinvadersv4.o(.text.GPIOPortF_Handler)
    [Anonymous Symbol]                       0x00001944   Section        0  spaceinvadersv4.o(.text.Game_Init)
    [Anonymous Symbol]                       0x00001b78   Section        0  spaceinvadersv4.o(.text.Move)
    [Anonymous Symbol]                       0x00002678   Section        0  nokia5110.o(.text.Nokia5110_Clear)
    [Anonymous Symbol]                       0x000026ac   Section        0  nokia5110.o(.text.Nokia5110_ClearBuffer)
    [Anonymous Symbol]                       0x000026dc   Section        0  nokia5110.o(.text.Nokia5110_DisplayBuffer)
    [Anonymous Symbol]                       0x000026ec   Section        0  nokia5110.o(.text.Nokia5110_DrawFullImage)
    [Anonymous Symbol]                       0x00002728   Section        0  nokia5110.o(.text.Nokia5110_Init)
    [Anonymous Symbol]                       0x00002894   Section        0  nokia5110.o(.text.Nokia5110_OutChar)
    [Anonymous Symbol]                       0x000028ec   Section        0  nokia5110.o(.text.Nokia5110_OutString)
    [Anonymous Symbol]                       0x00002910   Section        0  nokia5110.o(.text.Nokia5110_PrintBMP)
    [Anonymous Symbol]                       0x00002b18   Section        0  nokia5110.o(.text.Nokia5110_SetCursor)
    [Anonymous Symbol]                       0x00002b68   Section        0  pll.o(.text.PLL_Init)
    [Anonymous Symbol]                       0x00002bec   Section        0  sound.o(.text.Play)
    [Anonymous Symbol]                       0x00002c54   Section        0  sound.o(.text.Sound_Init)
    [Anonymous Symbol]                       0x00002c84   Section        0  sound.o(.text.Sound_Killed)
    [Anonymous Symbol]                       0x00002c98   Section        0  sound.o(.text.Sound_Play)
    [Anonymous Symbol]                       0x00002ce4   Section        0  sound.o(.text.Sound_Shoot)
    [Anonymous Symbol]                       0x00002cf8   Section        0  spaceinvadersv4.o(.text.Start_Prompt)
    [Anonymous Symbol]                       0x00002d58   Section        0  switch.o(.text.Switch_Init)
    [Anonymous Symbol]                       0x00002e70   Section        0  spaceinvadersv4.o(.text.SysTick_Handler)
    [Anonymous Symbol]                       0x00002e80   Section        0  systick.o(.text.SysTick_Init)
    [Anonymous Symbol]                       0x00002ec0   Section        0  systick.o(.text.SysTick_Wait3s)
    [Anonymous Symbol]                       0x00002f34   Section        0  spaceinvadersv4.o(.text.System_Init)
    [Anonymous Symbol]                       0x00002f5c   Section        0  timer0.o(.text.Timer1A_Handler)
    [Anonymous Symbol]                       0x00002f78   Section        0  timer0.o(.text.Timer1_Init)
    lcdwrite                                 0x00003019   Thumb Code   202  nokia5110.o(.text.lcdwrite)
    [Anonymous Symbol]                       0x00003018   Section        0  nokia5110.o(.text.lcdwrite)
    [Anonymous Symbol]                       0x000030e4   Section        0  spaceinvadersv4.o(.text.main)
    CL$$btod_d2e                             0x00003152   Section       62  btod.o(CL$$btod_d2e)
    CL$$btod_d2e_denorm_low                  0x00003190   Section       70  btod.o(CL$$btod_d2e_denorm_low)
    CL$$btod_d2e_norm_op1                    0x000031d6   Section       96  btod.o(CL$$btod_d2e_norm_op1)
    CL$$btod_div_common                      0x00003238   Section      824  btod.o(CL$$btod_div_common)
    CL$$btod_e2e                             0x00003570   Section      220  btod.o(CL$$btod_e2e)
    CL$$btod_ediv                            0x0000364c   Section       42  btod.o(CL$$btod_ediv)
    CL$$btod_emul                            0x00003676   Section       42  btod.o(CL$$btod_emul)
    CL$$btod_mult_common                     0x000036a0   Section      580  btod.o(CL$$btod_mult_common)
    i.__ARM_fpclassify                       0x000038e4   Section        0  fpclassify.o(i.__ARM_fpclassify)
    i._is_digit                              0x0000390c   Section        0  __printf_wp.o(i._is_digit)
    locale$$code                             0x0000391c   Section       44  lc_numeric_c.o(locale$$code)
    locale$$code                             0x00003948   Section       44  lc_ctype_c.o(locale$$code)
    x$fpl$printf1                            0x00003974   Section        4  printf1.o(x$fpl$printf1)
    x$fpl$printf2                            0x00003978   Section        4  printf2.o(x$fpl$printf2)
    initial_mbstate                          0x0000397c   Data           8  _printf_wctomb.o(.constdata)
    .constdata                               0x0000397c   Section        8  _printf_wctomb.o(.constdata)
    x$fpl$usenofp                            0x0000397c   Section        0  usenofp.o(x$fpl$usenofp)
    uc_hextab                                0x00003984   Data          20  _printf_hex_int_ll_ptr.o(.constdata)
    .constdata                               0x00003984   Section       40  _printf_hex_int_ll_ptr.o(.constdata)
    lc_hextab                                0x00003998   Data          20  _printf_hex_int_ll_ptr.o(.constdata)
    maptable                                 0x000039ac   Data          17  __printf_flags_ss_wp.o(.constdata)
    .constdata                               0x000039ac   Section       17  __printf_flags_ss_wp.o(.constdata)
    lc_hextab                                0x000039bd   Data          19  _printf_fp_hex.o(.constdata)
    .constdata                               0x000039bd   Section       38  _printf_fp_hex.o(.constdata)
    uc_hextab                                0x000039d0   Data          19  _printf_fp_hex.o(.constdata)
    tenpwrs_x                                0x000039e4   Data          60  bigflt0.o(.constdata)
    .constdata                               0x000039e4   Section      148  bigflt0.o(.constdata)
    tenpwrs_i                                0x00003a20   Data          64  bigflt0.o(.constdata)
    ASCII                                    0x00003a78   Data         480  nokia5110.o(.rodata.ASCII)
    [Anonymous Symbol]                       0x00003a78   Section        0  nokia5110.o(.rodata.ASCII)
    .L.str.9                                 0x00006062   Data           9  spaceinvadersv4.o(.rodata.str1.1)
    [Anonymous Symbol]                       0x00006062   Section        0  spaceinvadersv4.o(.rodata.str1.1)
    .L.str.10                                0x0000606b   Data           9  spaceinvadersv4.o(.rodata.str1.1)
    .L.str.6                                 0x00006074   Data          10  spaceinvadersv4.o(.rodata.str1.1)
    .L.str.2                                 0x0000607e   Data          10  spaceinvadersv4.o(.rodata.str1.1)
    .L.str.4                                 0x00006088   Data           3  spaceinvadersv4.o(.rodata.str1.1)
    .L.str                                   0x0000608b   Data           6  spaceinvadersv4.o(.rodata.str1.1)
    .L.str.7                                 0x00006091   Data          11  spaceinvadersv4.o(.rodata.str1.1)
    .L.str.8                                 0x0000609c   Data           8  spaceinvadersv4.o(.rodata.str1.1)
    .L.str.1                                 0x000060a4   Data           8  spaceinvadersv4.o(.rodata.str1.1)
    .L.str.5                                 0x000060ac   Data          10  spaceinvadersv4.o(.rodata.str1.1)
    .L.str.3                                 0x000060b6   Data           9  spaceinvadersv4.o(.rodata.str1.1)
    locale$$data                             0x000060e0   Section       28  lc_numeric_c.o(locale$$data)
    __lcnum_c_name                           0x000060e4   Data           2  lc_numeric_c.o(locale$$data)
    __lcnum_c_start                          0x000060ec   Data           0  lc_numeric_c.o(locale$$data)
    __lcnum_c_point                          0x000060f8   Data           0  lc_numeric_c.o(locale$$data)
    __lcnum_c_thousands                      0x000060fa   Data           0  lc_numeric_c.o(locale$$data)
    __lcnum_c_grouping                       0x000060fb   Data           0  lc_numeric_c.o(locale$$data)
    __lcnum_c_end                            0x000060fc   Data           0  lc_numeric_c.o(locale$$data)
    locale$$data                             0x000060fc   Section      272  lc_ctype_c.o(locale$$data)
    __lcctype_c_name                         0x00006100   Data           2  lc_ctype_c.o(locale$$data)
    __lcctype_c_start                        0x00006108   Data           0  lc_ctype_c.o(locale$$data)
    __lcctype_c_end                          0x0000620c   Data           0  lc_ctype_c.o(locale$$data)
    .bss                                     0x20000008   Section       96  libspace.o(.bss)
    Move.firstGroupDefeated                  0x200000b8   Data           1  spaceinvadersv4.o(.bss.Move.firstGroupDefeated)
    [Anonymous Symbol]                       0x200000b8   Section        0  spaceinvadersv4.o(.bss.Move.firstGroupDefeated)
    Move.lastEnemyActivated                  0x200000b9   Data           1  spaceinvadersv4.o(.bss.Move.lastEnemyActivated)
    [Anonymous Symbol]                       0x200000b9   Section        0  spaceinvadersv4.o(.bss.Move.lastEnemyActivated)
    HeapMem                                  0x200002f8   Data           0  startup.o(HEAP)
    StackMem                                 0x200002f8   Data           0  startup.o(STACK)
    HEAP                                     0x200002f8   Section        0  startup.o(HEAP)
    STACK                                    0x200002f8   Section     1024  startup.o(STACK)

    Global Symbols

    Symbol Name                              Value     Ov Type        Size  Object(Section)

    BuildAttributes$$THM_ISAv4$E$P$D$K$B$S$7EM$PE$A:L22UL41UL21$X:L11$S22US41US21$IEEE1$IW$~IW$USESV6$~STKCKD$USESV7$~SHL$OTIME$ROPI$IEEEJ$EBA8$UX$STANDARDLIB$REQ8$PRES8$EABIv2 0x00000000   Number         0  anon$$obj.o ABSOLUTE
    __Vectors                                0x00000000   Data           0  startup.o(RESET)
    __fp_init_empty                          0x00000000   Number         0  fpinit_empty.o ABSOLUTE
    _printf_flags                            0x00000000   Number         0  printf_stubs.o ABSOLUTE
    _printf_return_value                     0x00000000   Number         0  printf_stubs.o ABSOLUTE
    _printf_sizespec                         0x00000000   Number         0  printf_stubs.o ABSOLUTE
    _printf_widthprec                        0x00000000   Number         0  printf_stubs.o ABSOLUTE
    __ARM_exceptions_init                     - Undefined Weak Reference
    __alloca_initialize                       - Undefined Weak Reference
    __arm_preinit_                            - Undefined Weak Reference
    __arm_relocate_pie_                       - Undefined Weak Reference
    __cpp_initialize__aeabi_                  - Undefined Weak Reference
    __cxa_finalize                            - Undefined Weak Reference
    __sigvec_lookup                           - Undefined Weak Reference
    _atexit_init                              - Undefined Weak Reference
    _call_atexit_fns                          - Undefined Weak Reference
    _clock_init                               - Undefined Weak Reference
    _fp_trap_init                             - Undefined Weak Reference
    _fp_trap_shutdown                         - Undefined Weak Reference
    _get_lc_collate                           - Undefined Weak Reference
    _get_lc_monetary                          - Undefined Weak Reference
    _get_lc_time                              - Undefined Weak Reference
    _getenv_init                              - Undefined Weak Reference
    _handle_redirection                       - Undefined Weak Reference
    _init_alloc                               - Undefined Weak Reference
    _init_user_alloc                          - Undefined Weak Reference
    _initio                                   - Undefined Weak Reference
    _printf_mbtowc                            - Undefined Weak Reference
    _printf_wc                                - Undefined Weak Reference
    _rand_init                                - Undefined Weak Reference
    _signal_finish                            - Undefined Weak Reference
    _signal_init                              - Undefined Weak Reference
    _terminate_alloc                          - Undefined Weak Reference
    _terminate_user_alloc                     - Undefined Weak Reference
    _terminateio                              - Undefined Weak Reference
    Reset_Handler                            0x0000026d   Thumb Code     0  startup.o(RESET)
    NMI_Handler                              0x00000271   Thumb Code     2  startup.o(RESET)
    HardFault_Handler                        0x00000273   Thumb Code     2  startup.o(RESET)
    MemManage_Handler                        0x00000275   Thumb Code     2  startup.o(RESET)
    BusFault_Handler                         0x00000277   Thumb Code     2  startup.o(RESET)
    UsageFault_Handler                       0x00000279   Thumb Code     2  startup.o(RESET)
    SVC_Handler                              0x0000027b   Thumb Code     2  startup.o(RESET)
    DebugMon_Handler                         0x0000027d   Thumb Code     2  startup.o(RESET)
    PendSV_Handler                           0x0000027f   Thumb Code     2  startup.o(RESET)
    ADC0Seq0_Handler                         0x00000283   Thumb Code     0  startup.o(RESET)
    ADC0Seq1_Handler                         0x00000283   Thumb Code     0  startup.o(RESET)
    ADC0Seq2_Handler                         0x00000283   Thumb Code     0  startup.o(RESET)
    ADC0Seq3_Handler                         0x00000283   Thumb Code     0  startup.o(RESET)
    ADC1Seq0_Handler                         0x00000283   Thumb Code     0  startup.o(RESET)
    ADC1Seq1_Handler                         0x00000283   Thumb Code     0  startup.o(RESET)
    ADC1Seq2_Handler                         0x00000283   Thumb Code     0  startup.o(RESET)
    ADC1Seq3_Handler                         0x00000283   Thumb Code     0  startup.o(RESET)
    CAN0_Handler                             0x00000283   Thumb Code     0  startup.o(RESET)
    CAN1_Handler                             0x00000283   Thumb Code     0  startup.o(RESET)
    CAN2_Handler                             0x00000283   Thumb Code     0  startup.o(RESET)
    Comp0_Handler                            0x00000283   Thumb Code     0  startup.o(RESET)
    Comp1_Handler                            0x00000283   Thumb Code     0  startup.o(RESET)
    Comp2_Handler                            0x00000283   Thumb Code     0  startup.o(RESET)
    Ethernet_Handler                         0x00000283   Thumb Code     0  startup.o(RESET)
    ExtBus_Handler                           0x00000283   Thumb Code     0  startup.o(RESET)
    FPU_Handler                              0x00000283   Thumb Code     0  startup.o(RESET)
    Fan0_Handler                             0x00000283   Thumb Code     0  startup.o(RESET)
    FlashCtl_Handler                         0x00000283   Thumb Code     0  startup.o(RESET)
    GPIOPortA_Handler                        0x00000283   Thumb Code     0  startup.o(RESET)
    GPIOPortB_Handler                        0x00000283   Thumb Code     0  startup.o(RESET)
    GPIOPortC_Handler                        0x00000283   Thumb Code     0  startup.o(RESET)
    GPIOPortD_Handler                        0x00000283   Thumb Code     0  startup.o(RESET)
    GPIOPortE_Handler                        0x00000283   Thumb Code     0  startup.o(RESET)
    GPIOPortG_Handler                        0x00000283   Thumb Code     0  startup.o(RESET)
    GPIOPortH_Handler                        0x00000283   Thumb Code     0  startup.o(RESET)
    GPIOPortJ_Handler                        0x00000283   Thumb Code     0  startup.o(RESET)
    GPIOPortK_Handler                        0x00000283   Thumb Code     0  startup.o(RESET)
    GPIOPortL_Handler                        0x00000283   Thumb Code     0  startup.o(RESET)
    GPIOPortM_Handler                        0x00000283   Thumb Code     0  startup.o(RESET)
    GPIOPortN_Handler                        0x00000283   Thumb Code     0  startup.o(RESET)
    GPIOPortP1_Handler                       0x00000283   Thumb Code     0  startup.o(RESET)
    GPIOPortP2_Handler                       0x00000283   Thumb Code     0  startup.o(RESET)
    GPIOPortP3_Handler                       0x00000283   Thumb Code     0  startup.o(RESET)
    GPIOPortP4_Handler                       0x00000283   Thumb Code     0  startup.o(RESET)
    GPIOPortP5_Handler                       0x00000283   Thumb Code     0  startup.o(RESET)
    GPIOPortP6_Handler                       0x00000283   Thumb Code     0  startup.o(RESET)
    GPIOPortP7_Handler                       0x00000283   Thumb Code     0  startup.o(RESET)
    GPIOPortP_Handler                        0x00000283   Thumb Code     0  startup.o(RESET)
    GPIOPortQ1_Handler                       0x00000283   Thumb Code     0  startup.o(RESET)
    GPIOPortQ2_Handler                       0x00000283   Thumb Code     0  startup.o(RESET)
    GPIOPortQ3_Handler                       0x00000283   Thumb Code     0  startup.o(RESET)
    GPIOPortQ4_Handler                       0x00000283   Thumb Code     0  startup.o(RESET)
    GPIOPortQ5_Handler                       0x00000283   Thumb Code     0  startup.o(RESET)
    GPIOPortQ6_Handler                       0x00000283   Thumb Code     0  startup.o(RESET)
    GPIOPortQ7_Handler                       0x00000283   Thumb Code     0  startup.o(RESET)
    GPIOPortQ_Handler                        0x00000283   Thumb Code     0  startup.o(RESET)
    GPIOPortR_Handler                        0x00000283   Thumb Code     0  startup.o(RESET)
    GPIOPortS_Handler                        0x00000283   Thumb Code     0  startup.o(RESET)
    Hibernate_Handler                        0x00000283   Thumb Code     0  startup.o(RESET)
    I2C0_Handler                             0x00000283   Thumb Code     0  startup.o(RESET)
    I2C1_Handler                             0x00000283   Thumb Code     0  startup.o(RESET)
    I2C2_Handler                             0x00000283   Thumb Code     0  startup.o(RESET)
    I2C3_Handler                             0x00000283   Thumb Code     0  startup.o(RESET)
    I2C4_Handler                             0x00000283   Thumb Code     0  startup.o(RESET)
    I2C5_Handler                             0x00000283   Thumb Code     0  startup.o(RESET)
    I2S0_Handler                             0x00000283   Thumb Code     0  startup.o(RESET)
    LPC0_Handler                             0x00000283   Thumb Code     0  startup.o(RESET)
    PECI0_Handler                            0x00000283   Thumb Code     0  startup.o(RESET)
    PWM0Fault_Handler                        0x00000283   Thumb Code     0  startup.o(RESET)
    PWM0Generator0_Handler                   0x00000283   Thumb Code     0  startup.o(RESET)
    PWM0Generator1_Handler                   0x00000283   Thumb Code     0  startup.o(RESET)
    PWM0Generator2_Handler                   0x00000283   Thumb Code     0  startup.o(RESET)
    PWM0Generator3_Handler                   0x00000283   Thumb Code     0  startup.o(RESET)
    PWM1Fault_Handler                        0x00000283   Thumb Code     0  startup.o(RESET)
    PWM1Generator0_Handler                   0x00000283   Thumb Code     0  startup.o(RESET)
    PWM1Generator1_Handler                   0x00000283   Thumb Code     0  startup.o(RESET)
    PWM1Generator2_Handler                   0x00000283   Thumb Code     0  startup.o(RESET)
    PWM1Generator3_Handler                   0x00000283   Thumb Code     0  startup.o(RESET)
    Quadrature0_Handler                      0x00000283   Thumb Code     0  startup.o(RESET)
    Quadrature1_Handler                      0x00000283   Thumb Code     0  startup.o(RESET)
    Quadrature2_Handler                      0x00000283   Thumb Code     0  startup.o(RESET)
    SSI0_Handler                             0x00000283   Thumb Code     0  startup.o(RESET)
    SSI1_Handler                             0x00000283   Thumb Code     0  startup.o(RESET)
    SSI2_Handler                             0x00000283   Thumb Code     0  startup.o(RESET)
    SSI3_Handler                             0x00000283   Thumb Code     0  startup.o(RESET)
    SysCtl_Handler                           0x00000283   Thumb Code     0  startup.o(RESET)
    Timer0A_Handler                          0x00000283   Thumb Code     0  startup.o(RESET)
    Timer0B_Handler                          0x00000283   Thumb Code     0  startup.o(RESET)
    Timer1B_Handler                          0x00000283   Thumb Code     0  startup.o(RESET)
    Timer2A_Handler                          0x00000283   Thumb Code     0  startup.o(RESET)
    Timer2B_Handler                          0x00000283   Thumb Code     0  startup.o(RESET)
    Timer3A_Handler                          0x00000283   Thumb Code     0  startup.o(RESET)
    Timer3B_Handler                          0x00000283   Thumb Code     0  startup.o(RESET)
    Timer4A_Handler                          0x00000283   Thumb Code     0  startup.o(RESET)
    Timer4B_Handler                          0x00000283   Thumb Code     0  startup.o(RESET)
    Timer5A_Handler                          0x00000283   Thumb Code     0  startup.o(RESET)
    Timer5B_Handler                          0x00000283   Thumb Code     0  startup.o(RESET)
    UART0_Handler                            0x00000283   Thumb Code     0  startup.o(RESET)
    UART1_Handler                            0x00000283   Thumb Code     0  startup.o(RESET)
    UART2_Handler                            0x00000283   Thumb Code     0  startup.o(RESET)
    UART3_Handler                            0x00000283   Thumb Code     0  startup.o(RESET)
    UART4_Handler                            0x00000283   Thumb Code     0  startup.o(RESET)
    UART5_Handler                            0x00000283   Thumb Code     0  startup.o(RESET)
    UART6_Handler                            0x00000283   Thumb Code     0  startup.o(RESET)
    UART7_Handler                            0x00000283   Thumb Code     0  startup.o(RESET)
    USB0_Handler                             0x00000283   Thumb Code     0  startup.o(RESET)
    WDT_Handler                              0x00000283   Thumb Code     0  startup.o(RESET)
    WideTimer0A_Handler                      0x00000283   Thumb Code     0  startup.o(RESET)
    WideTimer0B_Handler                      0x00000283   Thumb Code     0  startup.o(RESET)
    WideTimer1A_Handler                      0x00000283   Thumb Code     0  startup.o(RESET)
    WideTimer1B_Handler                      0x00000283   Thumb Code     0  startup.o(RESET)
    WideTimer2A_Handler                      0x00000283   Thumb Code     0  startup.o(RESET)
    WideTimer2B_Handler                      0x00000283   Thumb Code     0  startup.o(RESET)
    WideTimer3A_Handler                      0x00000283   Thumb Code     0  startup.o(RESET)
    WideTimer3B_Handler                      0x00000283   Thumb Code     0  startup.o(RESET)
    WideTimer4A_Handler                      0x00000283   Thumb Code     0  startup.o(RESET)
    WideTimer4B_Handler                      0x00000283   Thumb Code     0  startup.o(RESET)
    WideTimer5A_Handler                      0x00000283   Thumb Code     0  startup.o(RESET)
    WideTimer5B_Handler                      0x00000283   Thumb Code     0  startup.o(RESET)
    uDMA_Error                               0x00000283   Thumb Code     0  startup.o(RESET)
    uDMA_Handler                             0x00000283   Thumb Code     0  startup.o(RESET)
    __main                                   0x00000285   Thumb Code     8  __main.o(!!!main)
    __scatterload                            0x0000028d   Thumb Code     0  __scatter.o(!!!scatter)
    __scatterload_rt2                        0x0000028d   Thumb Code    84  __scatter.o(!!!scatter)
    __scatterload_rt2_thumb_only             0x0000028d   Thumb Code     0  __scatter.o(!!!scatter)
    __scatterload_loop                       0x00000297   Thumb Code     0  __scatter.o(!!!scatter)
    __scatterload_copy                       0x000002e9   Thumb Code    26  __scatter_copy.o(!!handler_copy)
    __scatterload_null                       0x00000305   Thumb Code     2  __scatter.o(!!handler_null)
    __scatterload_zeroinit                   0x00000309   Thumb Code    28  __scatter_zi.o(!!handler_zi)
    _printf_n                                0x00000325   Thumb Code     0  _printf_n.o(.ARM.Collect$$_printf_percent$$00000001)
    _printf_percent                          0x00000325   Thumb Code     0  _printf_percent.o(.ARM.Collect$$_printf_percent$$00000000)
    _printf_p                                0x0000032b   Thumb Code     0  _printf_p.o(.ARM.Collect$$_printf_percent$$00000002)
    _printf_f                                0x00000331   Thumb Code     0  _printf_f.o(.ARM.Collect$$_printf_percent$$00000003)
    _printf_e                                0x00000337   Thumb Code     0  _printf_e.o(.ARM.Collect$$_printf_percent$$00000004)
    _printf_g                                0x0000033d   Thumb Code     0  _printf_g.o(.ARM.Collect$$_printf_percent$$00000005)
    _printf_a                                0x00000343   Thumb Code     0  _printf_a.o(.ARM.Collect$$_printf_percent$$00000006)
    _printf_ll                               0x00000349   Thumb Code     0  _printf_ll.o(.ARM.Collect$$_printf_percent$$00000007)
    _printf_i                                0x00000353   Thumb Code     0  _printf_i.o(.ARM.Collect$$_printf_percent$$00000008)
    _printf_d                                0x00000359   Thumb Code     0  _printf_d.o(.ARM.Collect$$_printf_percent$$00000009)
    _printf_u                                0x0000035f   Thumb Code     0  _printf_u.o(.ARM.Collect$$_printf_percent$$0000000A)
    _printf_o                                0x00000365   Thumb Code     0  _printf_o.o(.ARM.Collect$$_printf_percent$$0000000B)
    _printf_x                                0x0000036b   Thumb Code     0  _printf_x.o(.ARM.Collect$$_printf_percent$$0000000C)
    _printf_lli                              0x00000371   Thumb Code     0  _printf_lli.o(.ARM.Collect$$_printf_percent$$0000000D)
    _printf_lld                              0x00000377   Thumb Code     0  _printf_lld.o(.ARM.Collect$$_printf_percent$$0000000E)
    _printf_llu                              0x0000037d   Thumb Code     0  _printf_llu.o(.ARM.Collect$$_printf_percent$$0000000F)
    _printf_llo                              0x00000383   Thumb Code     0  _printf_llo.o(.ARM.Collect$$_printf_percent$$00000010)
    _printf_llx                              0x00000389   Thumb Code     0  _printf_llx.o(.ARM.Collect$$_printf_percent$$00000011)
    _printf_l                                0x0000038f   Thumb Code     0  _printf_l.o(.ARM.Collect$$_printf_percent$$00000012)
    _printf_c                                0x00000399   Thumb Code     0  _printf_c.o(.ARM.Collect$$_printf_percent$$00000013)
    _printf_s                                0x0000039f   Thumb Code     0  _printf_s.o(.ARM.Collect$$_printf_percent$$00000014)
    _printf_lc                               0x000003a5   Thumb Code     0  _printf_lc.o(.ARM.Collect$$_printf_percent$$00000015)
    _printf_ls                               0x000003ab   Thumb Code     0  _printf_ls.o(.ARM.Collect$$_printf_percent$$00000016)
    _printf_percent_end                      0x000003b1   Thumb Code     0  _printf_percent_end.o(.ARM.Collect$$_printf_percent$$00000017)
    __rt_lib_init                            0x000003b5   Thumb Code     0  libinit.o(.ARM.Collect$$libinit$$00000000)
    __rt_lib_init_fp_1                       0x000003b7   Thumb Code     0  libinit2.o(.ARM.Collect$$libinit$$00000002)
    __rt_lib_init_heap_1                     0x000003b7   Thumb Code     0  libinit2.o(.ARM.Collect$$libinit$$0000000C)
    __rt_lib_init_lc_common                  0x000003b7   Thumb Code     0  libinit2.o(.ARM.Collect$$libinit$$00000011)
    __rt_lib_init_preinit_1                  0x000003b7   Thumb Code     0  libinit2.o(.ARM.Collect$$libinit$$00000006)
    __rt_lib_init_rand_1                     0x000003b7   Thumb Code     0  libinit2.o(.ARM.Collect$$libinit$$00000010)
    __rt_lib_init_relocate_pie_1             0x000003b7   Thumb Code     0  libinit2.o(.ARM.Collect$$libinit$$00000004)
    __rt_lib_init_user_alloc_1               0x000003b7   Thumb Code     0  libinit2.o(.ARM.Collect$$libinit$$0000000E)
    __rt_lib_init_lc_collate_1               0x000003bd   Thumb Code     0  libinit2.o(.ARM.Collect$$libinit$$00000013)
    __rt_lib_init_lc_ctype_2                 0x000003bd   Thumb Code     0  libinit2.o(.ARM.Collect$$libinit$$00000014)
    __rt_lib_init_lc_ctype_1                 0x000003c9   Thumb Code     0  libinit2.o(.ARM.Collect$$libinit$$00000015)
    __rt_lib_init_lc_monetary_1              0x000003c9   Thumb Code     0  libinit2.o(.ARM.Collect$$libinit$$00000017)
    __rt_lib_init_lc_numeric_2               0x000003c9   Thumb Code     0  libinit2.o(.ARM.Collect$$libinit$$00000018)
    __rt_lib_init_alloca_1                   0x000003d3   Thumb Code     0  libinit2.o(.ARM.Collect$$libinit$$00000030)
    __rt_lib_init_argv_1                     0x000003d3   Thumb Code     0  libinit2.o(.ARM.Collect$$libinit$$0000002E)
    __rt_lib_init_atexit_1                   0x000003d3   Thumb Code     0  libinit2.o(.ARM.Collect$$libinit$$0000001D)
    __rt_lib_init_clock_1                    0x000003d3   Thumb Code     0  libinit2.o(.ARM.Collect$$libinit$$00000023)
    __rt_lib_init_cpp_1                      0x000003d3   Thumb Code     0  libinit2.o(.ARM.Collect$$libinit$$00000034)
    __rt_lib_init_exceptions_1               0x000003d3   Thumb Code     0  libinit2.o(.ARM.Collect$$libinit$$00000032)
    __rt_lib_init_fp_trap_1                  0x000003d3   Thumb Code     0  libinit2.o(.ARM.Collect$$libinit$$00000021)
    __rt_lib_init_getenv_1                   0x000003d3   Thumb Code     0  libinit2.o(.ARM.Collect$$libinit$$00000025)
    __rt_lib_init_lc_numeric_1               0x000003d3   Thumb Code     0  libinit2.o(.ARM.Collect$$libinit$$00000019)
    __rt_lib_init_lc_time_1                  0x000003d3   Thumb Code     0  libinit2.o(.ARM.Collect$$libinit$$0000001B)
    __rt_lib_init_return                     0x000003d3   Thumb Code     0  libinit2.o(.ARM.Collect$$libinit$$00000035)
    __rt_lib_init_signal_1                   0x000003d3   Thumb Code     0  libinit2.o(.ARM.Collect$$libinit$$0000001F)
    __rt_lib_init_stdio_1                    0x000003d3   Thumb Code     0  libinit2.o(.ARM.Collect$$libinit$$00000027)
    __rt_lib_shutdown                        0x000003d5   Thumb Code     0  libshutdown.o(.ARM.Collect$$libshutdown$$00000000)
    __rt_lib_shutdown_cpp_1                  0x000003d7   Thumb Code     0  libshutdown2.o(.ARM.Collect$$libshutdown$$00000002)
    __rt_lib_shutdown_fp_trap_1              0x000003d7   Thumb Code     0  libshutdown2.o(.ARM.Collect$$libshutdown$$00000007)
    __rt_lib_shutdown_heap_1                 0x000003d7   Thumb Code     0  libshutdown2.o(.ARM.Collect$$libshutdown$$0000000F)
    __rt_lib_shutdown_return                 0x000003d7   Thumb Code     0  libshutdown2.o(.ARM.Collect$$libshutdown$$00000010)
    __rt_lib_shutdown_signal_1               0x000003d7   Thumb Code     0  libshutdown2.o(.ARM.Collect$$libshutdown$$0000000A)
    __rt_lib_shutdown_stdio_1                0x000003d7   Thumb Code     0  libshutdown2.o(.ARM.Collect$$libshutdown$$00000004)
    __rt_lib_shutdown_user_alloc_1           0x000003d7   Thumb Code     0  libshutdown2.o(.ARM.Collect$$libshutdown$$0000000C)
    __rt_entry                               0x000003d9   Thumb Code     0  __rtentry.o(.ARM.Collect$$rtentry$$00000000)
    __rt_entry_presh_1                       0x000003d9   Thumb Code     0  __rtentry2.o(.ARM.Collect$$rtentry$$00000002)
    __rt_entry_sh                            0x000003d9   Thumb Code     0  __rtentry4.o(.ARM.Collect$$rtentry$$00000004)
    __rt_entry_li                            0x000003df   Thumb Code     0  __rtentry2.o(.ARM.Collect$$rtentry$$0000000A)
    __rt_entry_postsh_1                      0x000003df   Thumb Code     0  __rtentry2.o(.ARM.Collect$$rtentry$$00000009)
    __rt_entry_main                          0x000003e3   Thumb Code     0  __rtentry2.o(.ARM.Collect$$rtentry$$0000000D)
    __rt_entry_postli_1                      0x000003e3   Thumb Code     0  __rtentry2.o(.ARM.Collect$$rtentry$$0000000C)
    __rt_exit                                0x000003eb   Thumb Code     0  rtexit.o(.ARM.Collect$$rtexit$$00000000)
    __rt_exit_ls                             0x000003ed   Thumb Code     0  rtexit2.o(.ARM.Collect$$rtexit$$00000003)
    __rt_exit_prels_1                        0x000003ed   Thumb Code     0  rtexit2.o(.ARM.Collect$$rtexit$$00000002)
    __rt_exit_exit                           0x000003f1   Thumb Code     0  rtexit2.o(.ARM.Collect$$rtexit$$00000004)
    DisableInterrupts                        0x000003f9   Thumb Code     0  startup.o(.text)
    EnableInterrupts                         0x000003fd   Thumb Code     0  startup.o(.text)
    StartCritical                            0x00000401   Thumb Code     0  startup.o(.text)
    EndCritical                              0x00000409   Thumb Code     0  startup.o(.text)
    WaitForInterrupt                         0x0000040f   Thumb Code     0  startup.o(.text)
    __user_initial_stackheap                 0x00000413   Thumb Code     0  startup.o(.text)
    sprintf                                  0x00000429   Thumb Code    38  sprintf.o(.text)
    __use_two_region_memory                  0x00000455   Thumb Code     2  heapauxi.o(.text)
    __rt_heap_escrow$2region                 0x00000457   Thumb Code     2  heapauxi.o(.text)
    __rt_heap_expand$2region                 0x00000459   Thumb Code     2  heapauxi.o(.text)
    _printf_pre_padding                      0x0000045b   Thumb Code    44  _printf_pad.o(.text)
    _printf_post_padding                     0x00000487   Thumb Code    34  _printf_pad.o(.text)
    _printf_truncate_signed                  0x000004a9   Thumb Code    18  _printf_truncate.o(.text)
    _printf_truncate_unsigned                0x000004bb   Thumb Code    18  _printf_truncate.o(.text)
    _printf_str                              0x000004cd   Thumb Code    82  _printf_str.o(.text)
    _printf_int_dec                          0x00000521   Thumb Code   104  _printf_dec.o(.text)
    _printf_charcount                        0x00000599   Thumb Code    40  _printf_charcount.o(.text)
    _printf_char_common                      0x000005cb   Thumb Code    32  _printf_char_common.o(.text)
    _sputc                                   0x000005f1   Thumb Code    10  _sputc.o(.text)
    _printf_wctomb                           0x000005fd   Thumb Code   182  _printf_wctomb.o(.text)
    _printf_longlong_dec                     0x000006b9   Thumb Code   108  _printf_longlong_dec.o(.text)
    _printf_longlong_oct                     0x00000735   Thumb Code    68  _printf_oct_int_ll.o(.text)
    _printf_int_oct                          0x00000779   Thumb Code    24  _printf_oct_int_ll.o(.text)
    _printf_ll_oct                           0x00000791   Thumb Code    12  _printf_oct_int_ll.o(.text)
    _printf_longlong_hex                     0x000007a5   Thumb Code    86  _printf_hex_int_ll_ptr.o(.text)
    _printf_int_hex                          0x000007fb   Thumb Code    28  _printf_hex_int_ll_ptr.o(.text)
    _printf_ll_hex                           0x00000817   Thumb Code    12  _printf_hex_int_ll_ptr.o(.text)
    _printf_hex_ptr                          0x00000823   Thumb Code    18  _printf_hex_int_ll_ptr.o(.text)
    __printf                                 0x00000839   Thumb Code   388  __printf_flags_ss_wp.o(.text)
    _ll_udiv10                               0x000009c1   Thumb Code   138  lludiv10.o(.text)
    _printf_int_common                       0x00000a4b   Thumb Code   178  _printf_intcommon.o(.text)
    _printf_fp_dec_real                      0x00000cad   Thumb Code   620  _printf_fp_dec.o(.text)
    _printf_fp_hex_real                      0x00000f19   Thumb Code   756  _printf_fp_hex.o(.text)
    _printf_cs_common                        0x00001215   Thumb Code    20  _printf_char.o(.text)
    _printf_char                             0x00001229   Thumb Code    16  _printf_char.o(.text)
    _printf_string                           0x00001239   Thumb Code     8  _printf_char.o(.text)
    _printf_lcs_common                       0x00001241   Thumb Code    20  _printf_wchar.o(.text)
    _printf_wchar                            0x00001255   Thumb Code    16  _printf_wchar.o(.text)
    _printf_wstring                          0x00001265   Thumb Code     8  _printf_wchar.o(.text)
    _c16rtomb                                0x0000126d   Thumb Code    72  _c16rtomb.o(.text)
    _wcrtomb                                 0x0000126d   Thumb Code     0  _c16rtomb.o(.text)
    __user_setup_stackheap                   0x000012b5   Thumb Code    74  sys_stackheap_outer.o(.text)
    __rt_ctype_table                         0x00001301   Thumb Code    16  rt_ctype_table.o(.text)
    __rt_locale                              0x00001311   Thumb Code     8  rt_locale_intlibspace.o(.text)
    _printf_fp_infnan                        0x00001319   Thumb Code   112  _printf_fp_infnan.o(.text)
    _btod_etento                             0x00001399   Thumb Code   224  bigflt0.o(.text)
    exit                                     0x0000147d   Thumb Code    18  exit.o(.text)
    __user_libspace                          0x00001491   Thumb Code     8  libspace.o(.text)
    __user_perproc_libspace                  0x00001491   Thumb Code     0  libspace.o(.text)
    __user_perthread_libspace                0x00001491   Thumb Code     0  libspace.o(.text)
    strcmp                                   0x00001499   Thumb Code   124  strcmpv7em.o(.text)
    _sys_exit                                0x00001515   Thumb Code     8  sys_exit.o(.text)
    __I$use$semihosting                      0x00001521   Thumb Code     0  use_no_semi.o(.text)
    __use_no_semihosting_swi                 0x00001521   Thumb Code     2  use_no_semi.o(.text)
    __semihosting_library_function           0x00001523   Thumb Code     0  indicate_semi.o(.text)
    ADC1SS3_In                               0x00001525   Thumb Code    80  adc1ss3.o(.text.ADC1SS3_In)
    ADC1SS3_Init                             0x00001575   Thumb Code   242  adc1ss3.o(.text.ADC1SS3_Init)
    ADCValue_To_X_AXIS                       0x00001669   Thumb Code    52  adc1ss3.o(.text.ADCValue_To_X_AXIS)
    DAC_Init                                 0x0000169d   Thumb Code   124  dac.o(.text.DAC_Init)
    DAC_Out                                  0x00001719   Thumb Code    24  dac.o(.text.DAC_Out)
    Delay100ms                               0x00001731   Thumb Code    50  spaceinvadersv4.o(.text.Delay100ms)
    Draw                                     0x00001765   Thumb Code   238  spaceinvadersv4.o(.text.Draw)
    End_Prompt                               0x00001855   Thumb Code   138  spaceinvadersv4.o(.text.End_Prompt)
    GPIOPortF_Handler                        0x000018e1   Thumb Code   100  spaceinvadersv4.o(.text.GPIOPortF_Handler)
    Game_Init                                0x00001945   Thumb Code   562  spaceinvadersv4.o(.text.Game_Init)
    Move                                     0x00001b79   Thumb Code  2814  spaceinvadersv4.o(.text.Move)
    Nokia5110_Clear                          0x00002679   Thumb Code    50  nokia5110.o(.text.Nokia5110_Clear)
    Nokia5110_ClearBuffer                    0x000026ad   Thumb Code    46  nokia5110.o(.text.Nokia5110_ClearBuffer)
    Nokia5110_DisplayBuffer                  0x000026dd   Thumb Code    16  nokia5110.o(.text.Nokia5110_DisplayBuffer)
    Nokia5110_DrawFullImage                  0x000026ed   Thumb Code    58  nokia5110.o(.text.Nokia5110_DrawFullImage)
    Nokia5110_Init                           0x00002729   Thumb Code   362  nokia5110.o(.text.Nokia5110_Init)
    Nokia5110_OutChar                        0x00002895   Thumb Code    86  nokia5110.o(.text.Nokia5110_OutChar)
    Nokia5110_OutString                      0x000028ed   Thumb Code    36  nokia5110.o(.text.Nokia5110_OutString)
    Nokia5110_PrintBMP                       0x00002911   Thumb Code   518  nokia5110.o(.text.Nokia5110_PrintBMP)
    Nokia5110_SetCursor                      0x00002b19   Thumb Code    78  nokia5110.o(.text.Nokia5110_SetCursor)
    PLL_Init                                 0x00002b69   Thumb Code   132  pll.o(.text.PLL_Init)
    Play                                     0x00002bed   Thumb Code   104  sound.o(.text.Play)
    Sound_Init                               0x00002c55   Thumb Code    46  sound.o(.text.Sound_Init)
    Sound_Killed                             0x00002c85   Thumb Code    20  sound.o(.text.Sound_Killed)
    Sound_Play                               0x00002c99   Thumb Code    74  sound.o(.text.Sound_Play)
    Sound_Shoot                              0x00002ce5   Thumb Code    20  sound.o(.text.Sound_Shoot)
    Start_Prompt                             0x00002cf9   Thumb Code    94  spaceinvadersv4.o(.text.Start_Prompt)
    Switch_Init                              0x00002d59   Thumb Code   280  switch.o(.text.Switch_Init)
    SysTick_Handler                          0x00002e71   Thumb Code    14  spaceinvadersv4.o(.text.SysTick_Handler)
    SysTick_Init                             0x00002e81   Thumb Code    64  systick.o(.text.SysTick_Init)
    SysTick_Wait3s                           0x00002ec1   Thumb Code   114  systick.o(.text.SysTick_Wait3s)
    System_Init                              0x00002f35   Thumb Code    40  spaceinvadersv4.o(.text.System_Init)
    Timer1A_Handler                          0x00002f5d   Thumb Code    28  timer0.o(.text.Timer1A_Handler)
    Timer1_Init                              0x00002f79   Thumb Code   160  timer0.o(.text.Timer1_Init)
    main                                     0x000030e5   Thumb Code   110  spaceinvadersv4.o(.text.main)
    _btod_d2e                                0x00003153   Thumb Code    62  btod.o(CL$$btod_d2e)
    _d2e_denorm_low                          0x00003191   Thumb Code    70  btod.o(CL$$btod_d2e_denorm_low)
    _d2e_norm_op1                            0x000031d7   Thumb Code    96  btod.o(CL$$btod_d2e_norm_op1)
    __btod_div_common                        0x00003239   Thumb Code   696  btod.o(CL$$btod_div_common)
    _e2e                                     0x00003571   Thumb Code   220  btod.o(CL$$btod_e2e)
    _btod_ediv                               0x0000364d   Thumb Code    42  btod.o(CL$$btod_ediv)
    _btod_emul                               0x00003677   Thumb Code    42  btod.o(CL$$btod_emul)
    __btod_mult_common                       0x000036a1   Thumb Code   580  btod.o(CL$$btod_mult_common)
    __ARM_fpclassify                         0x000038e5   Thumb Code    40  fpclassify.o(i.__ARM_fpclassify)
    _is_digit                                0x0000390d   Thumb Code    14  __printf_wp.o(i._is_digit)
    _get_lc_numeric                          0x0000391d   Thumb Code    44  lc_numeric_c.o(locale$$code)
    _get_lc_ctype                            0x00003949   Thumb Code    44  lc_ctype_c.o(locale$$code)
    _printf_fp_dec                           0x00003975   Thumb Code     4  printf1.o(x$fpl$printf1)
    _printf_fp_hex                           0x00003979   Thumb Code     4  printf2.o(x$fpl$printf2)
    __I$use$fp                               0x0000397c   Number         0  usenofp.o(x$fpl$usenofp)
    Laser0                                   0x00003c58   Data         155  spaceinvadersv4.o(.rodata.Laser0)
    PlayerShip0                              0x00003cf3   Data         215  spaceinvadersv4.o(.rodata.PlayerShip0)
    SmallEnemyPointA                         0x00003dca   Data         600  spaceinvadersv4.o(.rodata.SmallEnemyPointA)
    SmallEnemyPointB                         0x00004022   Data         600  spaceinvadersv4.o(.rodata.SmallEnemyPointB)
    SmallExplosion0                          0x0000427a   Data         199  spaceinvadersv4.o(.rodata.SmallExplosion0)
    invaderkilled                            0x00004341   Data        3377  sound.o(.rodata.invaderkilled)
    shoot                                    0x00005072   Data        4080  sound.o(.rodata.shoot)
    Region$$Table$$Base                      0x000060c0   Number         0  anon$$obj.o(Region$$Table)
    Region$$Table$$Limit                     0x000060e0   Number         0  anon$$obj.o(Region$$Table)
    __ctype                                  0x00006109   Data           0  lc_ctype_c.o(locale$$data)
    currentLevel                             0x20000000   Data           1  spaceinvadersv4.o(.data.currentLevel)
    numEnemies                               0x20000001   Data           1  spaceinvadersv4.o(.data.numEnemies)
    __libspace_start                         0x20000008   Data          96  libspace.o(.bss)
    Bullet                                   0x20000068   Data          12  spaceinvadersv4.o(.bss.Bullet)
    __temporary_stack_top$libspace           0x20000068   Data           0  libspace.o(.bss)
    Count                                    0x20000074   Data           4  sound.o(.bss.Count)
    Enemy                                    0x20000078   Data          60  spaceinvadersv4.o(.bss.Enemy)
    Index                                    0x200000b4   Data           4  sound.o(.bss.Index)
    PeriodicTask1                            0x200000bc   Data           4  timer0.o(.bss.PeriodicTask1)
    PlayerShip                               0x200000c0   Data          12  spaceinvadersv4.o(.bss.PlayerShip)
    Screen                                   0x200000cc   Data         504  nokia5110.o(.bss.Screen)
    SmallExplosion                           0x200002c4   Data          12  spaceinvadersv4.o(.bss.SmallExplosion)
    Wave                                     0x200002d0   Data           4  sound.o(.bss.Wave)
    counter                                  0x200002d4   Data           1  spaceinvadersv4.o(.bss.counter)
    enemySpawnTimer                          0x200002d6   Data          10  spaceinvadersv4.o(.bss.enemySpawnTimer)
    enemySpawned                             0x200002e0   Data           5  spaceinvadersv4.o(.bss.enemySpawned)
    enemySpeed                               0x200002e5   Data           5  spaceinvadersv4.o(.bss.enemySpeed)
    game_s                                   0x200002ea   Data           1  spaceinvadersv4.o(.bss.game_s)
    playerScore                              0x200002ec   Data           2  spaceinvadersv4.o(.bss.playerScore)
    reset_score                              0x200002ee   Data           1  spaceinvadersv4.o(.bss.reset_score)
    sw1Pressed                               0x200002ef   Data           1  spaceinvadersv4.o(.bss.sw1Pressed)
    time_to_draw                             0x200002f0   Data           1  spaceinvadersv4.o(.bss.time_to_draw)



==============================================================================

Memory Map of the image

  Image Entry point : 0x0000026d

  Load Region LR_1 (Base: 0x00000000, Size: 0x00006210, Max: 0xffffffff, ABSOLUTE)

    Execution Region ER_RO (Exec base: 0x00000000, Load base: 0x00000000, Size: 0x0000620c, Max: 0xffffffff, ABSOLUTE)

    Exec Addr    Load Addr    Size         Type   Attr      Idx    E Section Name        Object

    0x00000000   0x00000000   0x00000284   Code   RO            3  * RESET               startup.o
    0x00000284   0x00000284   0x00000008   Code   RO          214  * !!!main             c_w.l(__main.o)
    0x0000028c   0x0000028c   0x0000005c   Code   RO          551    !!!scatter          c_w.l(__scatter.o)
    0x000002e8   0x000002e8   0x0000001a   Code   RO          555    !!handler_copy      c_w.l(__scatter_copy.o)
    0x00000302   0x00000302   0x00000002   PAD
    0x00000304   0x00000304   0x00000002   Code   RO          552    !!handler_null      c_w.l(__scatter.o)
    0x00000306   0x00000306   0x00000002   PAD
    0x00000308   0x00000308   0x0000001c   Code   RO          557    !!handler_zi        c_w.l(__scatter_zi.o)
    0x00000324   0x00000324   0x00000000   Code   RO          298    .ARM.Collect$$_printf_percent$$00000000  c_w.l(_printf_percent.o)
    0x00000324   0x00000324   0x00000006   Code   RO          287    .ARM.Collect$$_printf_percent$$00000001  c_w.l(_printf_n.o)
    0x0000032a   0x0000032a   0x00000006   Code   RO          289    .ARM.Collect$$_printf_percent$$00000002  c_w.l(_printf_p.o)
    0x00000330   0x00000330   0x00000006   Code   RO          294    .ARM.Collect$$_printf_percent$$00000003  c_w.l(_printf_f.o)
    0x00000336   0x00000336   0x00000006   Code   RO          295    .ARM.Collect$$_printf_percent$$00000004  c_w.l(_printf_e.o)
    0x0000033c   0x0000033c   0x00000006   Code   RO          296    .ARM.Collect$$_printf_percent$$00000005  c_w.l(_printf_g.o)
    0x00000342   0x00000342   0x00000006   Code   RO          297    .ARM.Collect$$_printf_percent$$00000006  c_w.l(_printf_a.o)
    0x00000348   0x00000348   0x0000000a   Code   RO          302    .ARM.Collect$$_printf_percent$$00000007  c_w.l(_printf_ll.o)
    0x00000352   0x00000352   0x00000006   Code   RO          291    .ARM.Collect$$_printf_percent$$00000008  c_w.l(_printf_i.o)
    0x00000358   0x00000358   0x00000006   Code   RO          292    .ARM.Collect$$_printf_percent$$00000009  c_w.l(_printf_d.o)
    0x0000035e   0x0000035e   0x00000006   Code   RO          293    .ARM.Collect$$_printf_percent$$0000000A  c_w.l(_printf_u.o)
    0x00000364   0x00000364   0x00000006   Code   RO          290    .ARM.Collect$$_printf_percent$$0000000B  c_w.l(_printf_o.o)
    0x0000036a   0x0000036a   0x00000006   Code   RO          288    .ARM.Collect$$_printf_percent$$0000000C  c_w.l(_printf_x.o)
    0x00000370   0x00000370   0x00000006   Code   RO          299    .ARM.Collect$$_printf_percent$$0000000D  c_w.l(_printf_lli.o)
    0x00000376   0x00000376   0x00000006   Code   RO          300    .ARM.Collect$$_printf_percent$$0000000E  c_w.l(_printf_lld.o)
    0x0000037c   0x0000037c   0x00000006   Code   RO          301    .ARM.Collect$$_printf_percent$$0000000F  c_w.l(_printf_llu.o)
    0x00000382   0x00000382   0x00000006   Code   RO          306    .ARM.Collect$$_printf_percent$$00000010  c_w.l(_printf_llo.o)
    0x00000388   0x00000388   0x00000006   Code   RO          307    .ARM.Collect$$_printf_percent$$00000011  c_w.l(_printf_llx.o)
    0x0000038e   0x0000038e   0x0000000a   Code   RO          303    .ARM.Collect$$_printf_percent$$00000012  c_w.l(_printf_l.o)
    0x00000398   0x00000398   0x00000006   Code   RO          285    .ARM.Collect$$_printf_percent$$00000013  c_w.l(_printf_c.o)
    0x0000039e   0x0000039e   0x00000006   Code   RO          286    .ARM.Collect$$_printf_percent$$00000014  c_w.l(_printf_s.o)
    0x000003a4   0x000003a4   0x00000006   Code   RO          304    .ARM.Collect$$_printf_percent$$00000015  c_w.l(_printf_lc.o)
    0x000003aa   0x000003aa   0x00000006   Code   RO          305    .ARM.Collect$$_printf_percent$$00000016  c_w.l(_printf_ls.o)
    0x000003b0   0x000003b0   0x00000004   Code   RO          348    .ARM.Collect$$_printf_percent$$00000017  c_w.l(_printf_percent_end.o)
    0x000003b4   0x000003b4   0x00000002   Code   RO          399    .ARM.Collect$$libinit$$00000000  c_w.l(libinit.o)
    0x000003b6   0x000003b6   0x00000000   Code   RO          418    .ARM.Collect$$libinit$$00000002  c_w.l(libinit2.o)
    0x000003b6   0x000003b6   0x00000000   Code   RO          420    .ARM.Collect$$libinit$$00000004  c_w.l(libinit2.o)
    0x000003b6   0x000003b6   0x00000000   Code   RO          422    .ARM.Collect$$libinit$$00000006  c_w.l(libinit2.o)
    0x000003b6   0x000003b6   0x00000000   Code   RO          425    .ARM.Collect$$libinit$$0000000C  c_w.l(libinit2.o)
    0x000003b6   0x000003b6   0x00000000   Code   RO          427    .ARM.Collect$$libinit$$0000000E  c_w.l(libinit2.o)
    0x000003b6   0x000003b6   0x00000000   Code   RO          429    .ARM.Collect$$libinit$$00000010  c_w.l(libinit2.o)
    0x000003b6   0x000003b6   0x00000006   Code   RO          430    .ARM.Collect$$libinit$$00000011  c_w.l(libinit2.o)
    0x000003bc   0x000003bc   0x00000000   Code   RO          432    .ARM.Collect$$libinit$$00000013  c_w.l(libinit2.o)
    0x000003bc   0x000003bc   0x0000000c   Code   RO          433    .ARM.Collect$$libinit$$00000014  c_w.l(libinit2.o)
    0x000003c8   0x000003c8   0x00000000   Code   RO          434    .ARM.Collect$$libinit$$00000015  c_w.l(libinit2.o)
    0x000003c8   0x000003c8   0x00000000   Code   RO          436    .ARM.Collect$$libinit$$00000017  c_w.l(libinit2.o)
    0x000003c8   0x000003c8   0x0000000a   Code   RO          437    .ARM.Collect$$libinit$$00000018  c_w.l(libinit2.o)
    0x000003d2   0x000003d2   0x00000000   Code   RO          438    .ARM.Collect$$libinit$$00000019  c_w.l(libinit2.o)
    0x000003d2   0x000003d2   0x00000000   Code   RO          440    .ARM.Collect$$libinit$$0000001B  c_w.l(libinit2.o)
    0x000003d2   0x000003d2   0x00000000   Code   RO          442    .ARM.Collect$$libinit$$0000001D  c_w.l(libinit2.o)
    0x000003d2   0x000003d2   0x00000000   Code   RO          444    .ARM.Collect$$libinit$$0000001F  c_w.l(libinit2.o)
    0x000003d2   0x000003d2   0x00000000   Code   RO          446    .ARM.Collect$$libinit$$00000021  c_w.l(libinit2.o)
    0x000003d2   0x000003d2   0x00000000   Code   RO          448    .ARM.Collect$$libinit$$00000023  c_w.l(libinit2.o)
    0x000003d2   0x000003d2   0x00000000   Code   RO          450    .ARM.Collect$$libinit$$00000025  c_w.l(libinit2.o)
    0x000003d2   0x000003d2   0x00000000   Code   RO          452    .ARM.Collect$$libinit$$00000027  c_w.l(libinit2.o)
    0x000003d2   0x000003d2   0x00000000   Code   RO          456    .ARM.Collect$$libinit$$0000002E  c_w.l(libinit2.o)
    0x000003d2   0x000003d2   0x00000000   Code   RO          458    .ARM.Collect$$libinit$$00000030  c_w.l(libinit2.o)
    0x000003d2   0x000003d2   0x00000000   Code   RO          460    .ARM.Collect$$libinit$$00000032  c_w.l(libinit2.o)
    0x000003d2   0x000003d2   0x00000000   Code   RO          462    .ARM.Collect$$libinit$$00000034  c_w.l(libinit2.o)
    0x000003d2   0x000003d2   0x00000002   Code   RO          463    .ARM.Collect$$libinit$$00000035  c_w.l(libinit2.o)
    0x000003d4   0x000003d4   0x00000002   Code   RO          487    .ARM.Collect$$libshutdown$$00000000  c_w.l(libshutdown.o)
    0x000003d6   0x000003d6   0x00000000   Code   RO          502    .ARM.Collect$$libshutdown$$00000002  c_w.l(libshutdown2.o)
    0x000003d6   0x000003d6   0x00000000   Code   RO          504    .ARM.Collect$$libshutdown$$00000004  c_w.l(libshutdown2.o)
    0x000003d6   0x000003d6   0x00000000   Code   RO          507    .ARM.Collect$$libshutdown$$00000007  c_w.l(libshutdown2.o)
    0x000003d6   0x000003d6   0x00000000   Code   RO          510    .ARM.Collect$$libshutdown$$0000000A  c_w.l(libshutdown2.o)
    0x000003d6   0x000003d6   0x00000000   Code   RO          512    .ARM.Collect$$libshutdown$$0000000C  c_w.l(libshutdown2.o)
    0x000003d6   0x000003d6   0x00000000   Code   RO          515    .ARM.Collect$$libshutdown$$0000000F  c_w.l(libshutdown2.o)
    0x000003d6   0x000003d6   0x00000002   Code   RO          516    .ARM.Collect$$libshutdown$$00000010  c_w.l(libshutdown2.o)
    0x000003d8   0x000003d8   0x00000000   Code   RO          216    .ARM.Collect$$rtentry$$00000000  c_w.l(__rtentry.o)
    0x000003d8   0x000003d8   0x00000000   Code   RO          317    .ARM.Collect$$rtentry$$00000002  c_w.l(__rtentry2.o)
    0x000003d8   0x000003d8   0x00000006   Code   RO          329    .ARM.Collect$$rtentry$$00000004  c_w.l(__rtentry4.o)
    0x000003de   0x000003de   0x00000000   Code   RO          319    .ARM.Collect$$rtentry$$00000009  c_w.l(__rtentry2.o)
    0x000003de   0x000003de   0x00000004   Code   RO          320    .ARM.Collect$$rtentry$$0000000A  c_w.l(__rtentry2.o)
    0x000003e2   0x000003e2   0x00000000   Code   RO          322    .ARM.Collect$$rtentry$$0000000C  c_w.l(__rtentry2.o)
    0x000003e2   0x000003e2   0x00000008   Code   RO          323    .ARM.Collect$$rtentry$$0000000D  c_w.l(__rtentry2.o)
    0x000003ea   0x000003ea   0x00000002   Code   RO          408    .ARM.Collect$$rtexit$$00000000  c_w.l(rtexit.o)
    0x000003ec   0x000003ec   0x00000000   Code   RO          465    .ARM.Collect$$rtexit$$00000002  c_w.l(rtexit2.o)
    0x000003ec   0x000003ec   0x00000004   Code   RO          466    .ARM.Collect$$rtexit$$00000003  c_w.l(rtexit2.o)
    0x000003f0   0x000003f0   0x00000006   Code   RO          467    .ARM.Collect$$rtexit$$00000004  c_w.l(rtexit2.o)
    0x000003f6   0x000003f6   0x00000002   PAD
    0x000003f8   0x000003f8   0x00000030   Code   RO            4    .text               startup.o
    0x00000428   0x00000428   0x0000002c   Code   RO          210    .text               c_w.l(sprintf.o)
    0x00000454   0x00000454   0x00000006   Code   RO          212    .text               c_w.l(heapauxi.o)
    0x0000045a   0x0000045a   0x0000004e   Code   RO          219    .text               c_w.l(_printf_pad.o)
    0x000004a8   0x000004a8   0x00000024   Code   RO          221    .text               c_w.l(_printf_truncate.o)
    0x000004cc   0x000004cc   0x00000052   Code   RO          223    .text               c_w.l(_printf_str.o)
    0x0000051e   0x0000051e   0x00000002   PAD
    0x00000520   0x00000520   0x00000078   Code   RO          225    .text               c_w.l(_printf_dec.o)
    0x00000598   0x00000598   0x00000028   Code   RO          227    .text               c_w.l(_printf_charcount.o)
    0x000005c0   0x000005c0   0x00000030   Code   RO          229    .text               c_w.l(_printf_char_common.o)
    0x000005f0   0x000005f0   0x0000000a   Code   RO          231    .text               c_w.l(_sputc.o)
    0x000005fa   0x000005fa   0x00000002   PAD
    0x000005fc   0x000005fc   0x000000bc   Code   RO          233    .text               c_w.l(_printf_wctomb.o)
    0x000006b8   0x000006b8   0x0000007c   Code   RO          236    .text               c_w.l(_printf_longlong_dec.o)
    0x00000734   0x00000734   0x00000070   Code   RO          242    .text               c_w.l(_printf_oct_int_ll.o)
    0x000007a4   0x000007a4   0x00000094   Code   RO          262    .text               c_w.l(_printf_hex_int_ll_ptr.o)
    0x00000838   0x00000838   0x00000188   Code   RO          282    .text               c_w.l(__printf_flags_ss_wp.o)
    0x000009c0   0x000009c0   0x0000008a   Code   RO          331    .text               c_w.l(lludiv10.o)
    0x00000a4a   0x00000a4a   0x000000b2   Code   RO          333    .text               c_w.l(_printf_intcommon.o)
    0x00000afc   0x00000afc   0x0000041c   Code   RO          335    .text               c_w.l(_printf_fp_dec.o)
    0x00000f18   0x00000f18   0x000002fc   Code   RO          339    .text               c_w.l(_printf_fp_hex.o)
    0x00001214   0x00001214   0x0000002c   Code   RO          344    .text               c_w.l(_printf_char.o)
    0x00001240   0x00001240   0x0000002c   Code   RO          346    .text               c_w.l(_printf_wchar.o)
    0x0000126c   0x0000126c   0x00000048   Code   RO          349    .text               c_w.l(_c16rtomb.o)
    0x000012b4   0x000012b4   0x0000004a   Code   RO          351    .text               c_w.l(sys_stackheap_outer.o)
    0x000012fe   0x000012fe   0x00000002   PAD
    0x00001300   0x00001300   0x00000010   Code   RO          353    .text               c_w.l(rt_ctype_table.o)
    0x00001310   0x00001310   0x00000008   Code   RO          358    .text               c_w.l(rt_locale_intlibspace.o)
    0x00001318   0x00001318   0x00000080   Code   RO          360    .text               c_w.l(_printf_fp_infnan.o)
    0x00001398   0x00001398   0x000000e4   Code   RO          362    .text               c_w.l(bigflt0.o)
    0x0000147c   0x0000147c   0x00000012   Code   RO          392    .text               c_w.l(exit.o)
    0x0000148e   0x0000148e   0x00000002   PAD
    0x00001490   0x00001490   0x00000008   Code   RO          405    .text               c_w.l(libspace.o)
    0x00001498   0x00001498   0x0000007c   Code   RO          415    .text               c_w.l(strcmpv7em.o)
    0x00001514   0x00001514   0x0000000c   Code   RO          477    .text               c_w.l(sys_exit.o)
    0x00001520   0x00001520   0x00000002   Code   RO          492    .text               c_w.l(use_no_semi.o)
    0x00001522   0x00001522   0x00000000   Code   RO          494    .text               c_w.l(indicate_semi.o)
    0x00001522   0x00001522   0x00000002   PAD
    0x00001524   0x00001524   0x00000050   Code   RO           78    .text.ADC1SS3_In    adc1ss3.o
    0x00001574   0x00001574   0x000000f2   Code   RO           76    .text.ADC1SS3_Init  adc1ss3.o
    0x00001666   0x00001666   0x00000002   PAD
    0x00001668   0x00001668   0x00000034   Code   RO           80    .text.ADCValue_To_X_AXIS  adc1ss3.o
    0x0000169c   0x0000169c   0x0000007c   Code   RO          146    .text.DAC_Init      dac.o
    0x00001718   0x00001718   0x00000018   Code   RO          148    .text.DAC_Out       dac.o
    0x00001730   0x00001730   0x00000032   Code   RO          107    .text.Delay100ms    spaceinvadersv4.o
    0x00001762   0x00001762   0x00000002   PAD
    0x00001764   0x00001764   0x000000ee   Code   RO           97    .text.Draw          spaceinvadersv4.o
    0x00001852   0x00001852   0x00000002   PAD
    0x00001854   0x00001854   0x0000008a   Code   RO          101    .text.End_Prompt    spaceinvadersv4.o
    0x000018de   0x000018de   0x00000002   PAD
    0x000018e0   0x000018e0   0x00000064   Code   RO          105    .text.GPIOPortF_Handler  spaceinvadersv4.o
    0x00001944   0x00001944   0x00000232   Code   RO           95    .text.Game_Init     spaceinvadersv4.o
    0x00001b76   0x00001b76   0x00000002   PAD
    0x00001b78   0x00001b78   0x00000afe   Code   RO           99    .text.Move          spaceinvadersv4.o
    0x00002676   0x00002676   0x00000002   PAD
    0x00002678   0x00002678   0x00000032   Code   RO           25    .text.Nokia5110_Clear  nokia5110.o
    0x000026aa   0x000026aa   0x00000002   PAD
    0x000026ac   0x000026ac   0x0000002e   Code   RO           31    .text.Nokia5110_ClearBuffer  nokia5110.o
    0x000026da   0x000026da   0x00000002   PAD
    0x000026dc   0x000026dc   0x00000010   Code   RO           37    .text.Nokia5110_DisplayBuffer  nokia5110.o
    0x000026ec   0x000026ec   0x0000003a   Code   RO           27    .text.Nokia5110_DrawFullImage  nokia5110.o
    0x00002726   0x00002726   0x00000002   PAD
    0x00002728   0x00002728   0x0000016a   Code   RO           13    .text.Nokia5110_Init  nokia5110.o
    0x00002892   0x00002892   0x00000002   PAD
    0x00002894   0x00002894   0x00000056   Code   RO           17    .text.Nokia5110_OutChar  nokia5110.o
    0x000028ea   0x000028ea   0x00000002   PAD
    0x000028ec   0x000028ec   0x00000024   Code   RO           19    .text.Nokia5110_OutString  nokia5110.o
    0x00002910   0x00002910   0x00000206   Code   RO           29    .text.Nokia5110_PrintBMP  nokia5110.o
    0x00002b16   0x00002b16   0x00000002   PAD
    0x00002b18   0x00002b18   0x0000004e   Code   RO           23    .text.Nokia5110_SetCursor  nokia5110.o
    0x00002b66   0x00002b66   0x00000002   PAD
    0x00002b68   0x00002b68   0x00000084   Code   RO           49    .text.PLL_Init      pll.o
    0x00002bec   0x00002bec   0x00000068   Code   RO          157    .text.Play          sound.o
    0x00002c54   0x00002c54   0x0000002e   Code   RO          159    .text.Sound_Init    sound.o
    0x00002c82   0x00002c82   0x00000002   PAD
    0x00002c84   0x00002c84   0x00000014   Code   RO          165    .text.Sound_Killed  sound.o
    0x00002c98   0x00002c98   0x0000004a   Code   RO          161    .text.Sound_Play    sound.o
    0x00002ce2   0x00002ce2   0x00000002   PAD
    0x00002ce4   0x00002ce4   0x00000014   Code   RO          163    .text.Sound_Shoot   sound.o
    0x00002cf8   0x00002cf8   0x0000005e   Code   RO           93    .text.Start_Prompt  spaceinvadersv4.o
    0x00002d56   0x00002d56   0x00000002   PAD
    0x00002d58   0x00002d58   0x00000118   Code   RO           68    .text.Switch_Init   switch.o
    0x00002e70   0x00002e70   0x0000000e   Code   RO          103    .text.SysTick_Handler  spaceinvadersv4.o
    0x00002e7e   0x00002e7e   0x00000002   PAD
    0x00002e80   0x00002e80   0x00000040   Code   RO           57    .text.SysTick_Init  systick.o
    0x00002ec0   0x00002ec0   0x00000072   Code   RO           59    .text.SysTick_Wait3s  systick.o
    0x00002f32   0x00002f32   0x00000002   PAD
    0x00002f34   0x00002f34   0x00000028   Code   RO           91    .text.System_Init   spaceinvadersv4.o
    0x00002f5c   0x00002f5c   0x0000001c   Code   RO          199    .text.Timer1A_Handler  timer0.o
    0x00002f78   0x00002f78   0x000000a0   Code   RO          197    .text.Timer1_Init   timer0.o
    0x00003018   0x00003018   0x000000ca   Code   RO           15    .text.lcdwrite      nokia5110.o
    0x000030e2   0x000030e2   0x00000002   PAD
    0x000030e4   0x000030e4   0x0000006e   Code   RO           89    .text.main          spaceinvadersv4.o
    0x00003152   0x00003152   0x0000003e   Code   RO          365    CL$$btod_d2e        c_w.l(btod.o)
    0x00003190   0x00003190   0x00000046   Code   RO          367    CL$$btod_d2e_denorm_low  c_w.l(btod.o)
    0x000031d6   0x000031d6   0x00000060   Code   RO          366    CL$$btod_d2e_norm_op1  c_w.l(btod.o)
    0x00003236   0x00003236   0x00000002   PAD
    0x00003238   0x00003238   0x00000338   Code   RO          375    CL$$btod_div_common  c_w.l(btod.o)
    0x00003570   0x00003570   0x000000dc   Code   RO          372    CL$$btod_e2e        c_w.l(btod.o)
    0x0000364c   0x0000364c   0x0000002a   Code   RO          369    CL$$btod_ediv       c_w.l(btod.o)
    0x00003676   0x00003676   0x0000002a   Code   RO          368    CL$$btod_emul       c_w.l(btod.o)
    0x000036a0   0x000036a0   0x00000244   Code   RO          374    CL$$btod_mult_common  c_w.l(btod.o)
    0x000038e4   0x000038e4   0x00000028   Code   RO          403    i.__ARM_fpclassify  m_ws.l(fpclassify.o)
    0x0000390c   0x0000390c   0x0000000e   Code   RO          275    i._is_digit         c_w.l(__printf_wp.o)
    0x0000391a   0x0000391a   0x00000002   PAD
    0x0000391c   0x0000391c   0x0000002c   Code   RO          390    locale$$code        c_w.l(lc_numeric_c.o)
    0x00003948   0x00003948   0x0000002c   Code   RO          413    locale$$code        c_w.l(lc_ctype_c.o)
    0x00003974   0x00003974   0x00000004   Code   RO          308    x$fpl$printf1       fz_ws.l(printf1.o)
    0x00003978   0x00003978   0x00000004   Code   RO          310    x$fpl$printf2       fz_ws.l(printf2.o)
    0x0000397c   0x0000397c   0x00000000   Code   RO          402    x$fpl$usenofp       fz_ws.l(usenofp.o)
    0x0000397c   0x0000397c   0x00000008   Data   RO          234    .constdata          c_w.l(_printf_wctomb.o)
    0x00003984   0x00003984   0x00000028   Data   RO          263    .constdata          c_w.l(_printf_hex_int_ll_ptr.o)
    0x000039ac   0x000039ac   0x00000011   Data   RO          283    .constdata          c_w.l(__printf_flags_ss_wp.o)
    0x000039bd   0x000039bd   0x00000026   Data   RO          340    .constdata          c_w.l(_printf_fp_hex.o)
    0x000039e3   0x000039e3   0x00000001   PAD
    0x000039e4   0x000039e4   0x00000094   Data   RO          363    .constdata          c_w.l(bigflt0.o)
    0x00003a78   0x00003a78   0x000001e0   Data   RO           39    .rodata.ASCII       nokia5110.o
    0x00003c58   0x00003c58   0x0000009b   Data   RO          115    .rodata.Laser0      spaceinvadersv4.o
    0x00003cf3   0x00003cf3   0x000000d7   Data   RO          111    .rodata.PlayerShip0  spaceinvadersv4.o
    0x00003dca   0x00003dca   0x00000258   Data   RO          109    .rodata.SmallEnemyPointA  spaceinvadersv4.o
    0x00004022   0x00004022   0x00000258   Data   RO          110    .rodata.SmallEnemyPointB  spaceinvadersv4.o
    0x0000427a   0x0000427a   0x000000c7   Data   RO          117    .rodata.SmallExplosion0  spaceinvadersv4.o
    0x00004341   0x00004341   0x00000d31   Data   RO          180    .rodata.invaderkilled  sound.o
    0x00005072   0x00005072   0x00000ff0   Data   RO          179    .rodata.shoot       sound.o
    0x00006062   0x00006062   0x0000005d   Data   RO          127    .rodata.str1.1      spaceinvadersv4.o
    0x000060bf   0x000060bf   0x00000001   PAD
    0x000060c0   0x000060c0   0x00000020   Data   RO          550    Region$$Table       anon$$obj.o
    0x000060e0   0x000060e0   0x0000001c   Data   RO          389    locale$$data        c_w.l(lc_numeric_c.o)
    0x000060fc   0x000060fc   0x00000110   Data   RO          412    locale$$data        c_w.l(lc_ctype_c.o)


    Execution Region ER_RW (Exec base: 0x20000000, Load base: 0x0000620c, Size: 0x00000004, Max: 0xffffffff, ABSOLUTE)

    Exec Addr    Load Addr    Size         Type   Attr      Idx    E Section Name        Object

    0x20000000   0x0000620c   0x00000001   Data   RW          125    .data.currentLevel  spaceinvadersv4.o
    0x20000001   0x0000620d   0x00000001   Data   RW          126    .data.numEnemies    spaceinvadersv4.o


    Execution Region ER_ZI (Exec base: 0x20000008, Load base: 0x00006210, Size: 0x000006f0, Max: 0xffffffff, ABSOLUTE)

    Exec Addr    Load Addr    Size         Type   Attr      Idx    E Section Name        Object

    0x20000008        -       0x00000060   Zero   RW          406    .bss                c_w.l(libspace.o)
    0x20000068        -       0x0000000c   Zero   RW          133    .bss.Bullet         spaceinvadersv4.o
    0x20000074        -       0x00000004   Zero   RW          188    .bss.Count          sound.o
    0x20000078        -       0x0000003c   Zero   RW          128    .bss.Enemy          spaceinvadersv4.o
    0x200000b4        -       0x00000004   Zero   RW          187    .bss.Index          sound.o
    0x200000b8        -       0x00000001   Zero   RW          135    .bss.Move.firstGroupDefeated  spaceinvadersv4.o
    0x200000b9        -       0x00000001   Zero   RW          136    .bss.Move.lastEnemyActivated  spaceinvadersv4.o
    0x200000ba   0x00006210   0x00000002   PAD
    0x200000bc        -       0x00000004   Zero   RW          201    .bss.PeriodicTask1  timer0.o
    0x200000c0        -       0x0000000c   Zero   RW          132    .bss.PlayerShip     spaceinvadersv4.o
    0x200000cc        -       0x000001f8   Zero   RW           41    .bss.Screen         nokia5110.o
    0x200002c4        -       0x0000000c   Zero   RW          134    .bss.SmallExplosion  spaceinvadersv4.o
    0x200002d0        -       0x00000004   Zero   RW          189    .bss.Wave           sound.o
    0x200002d4        -       0x00000001   Zero   RW          121    .bss.counter        spaceinvadersv4.o
    0x200002d5   0x00006210   0x00000001   PAD
    0x200002d6        -       0x0000000a   Zero   RW          130    .bss.enemySpawnTimer  spaceinvadersv4.o
    0x200002e0        -       0x00000005   Zero   RW          129    .bss.enemySpawned   spaceinvadersv4.o
    0x200002e5        -       0x00000005   Zero   RW          131    .bss.enemySpeed     spaceinvadersv4.o
    0x200002ea        -       0x00000001   Zero   RW          119    .bss.game_s         spaceinvadersv4.o
    0x200002eb   0x00006210   0x00000001   PAD
    0x200002ec        -       0x00000002   Zero   RW          122    .bss.playerScore    spaceinvadersv4.o
    0x200002ee        -       0x00000001   Zero   RW          120    .bss.reset_score    spaceinvadersv4.o
    0x200002ef        -       0x00000001   Zero   RW          123    .bss.sw1Pressed     spaceinvadersv4.o
    0x200002f0        -       0x00000001   Zero   RW          118    .bss.time_to_draw   spaceinvadersv4.o
    0x200002f1   0x00006210   0x00000007   PAD
    0x200002f8        -       0x00000000   Zero   RW            2    HEAP                startup.o
    0x200002f8        -       0x00000400   Zero   RW            1    STACK               startup.o


==============================================================================

Image component sizes


      Code (inc. data)   RO Data    RW Data    ZI Data      Debug   Object Name

       374          0          0          0          0       1035   adc1ss3.o
       148          0          0          0          0        736   dac.o
      1452          4        480          0        504       4325   nokia5110.o
       132          0          0          0          0        434   pll.o
       264          0       7457          0         12       2020   sound.o
      4160          0       1862          2        125       5580   spaceinvadersv4.o
       692        632          0          0       1024        972   startup.o
       280          0          0          0          0        465   switch.o
       178          0          0          0          0        664   systick.o
       188          0          0          0          4        804   timer0.o

    ----------------------------------------------------------------------
      7906        636       9832          4       1680      17035   Object Totals
         0          0         32          0          0          0   (incl. Generated)
        38          0          1          2         11          0   (incl. Padding)

    ----------------------------------------------------------------------

      Code (inc. data)   RO Data    RW Data    ZI Data      Debug   Library Member Name

         8          0          0          0          0         68   __main.o
       392          4         17          0          0         92   __printf_flags_ss_wp.o
        14          0          0          0          0         68   __printf_wp.o
         0          0          0          0          0          0   __rtentry.o
        12          0          0          0          0          0   __rtentry2.o
         6          0          0          0          0          0   __rtentry4.o
        94          8          0          0          0          0   __scatter.o
        26          0          0          0          0          0   __scatter_copy.o
        28          0          0          0          0          0   __scatter_zi.o
        72          0          0          0          0         96   _c16rtomb.o
         6          0          0          0          0          0   _printf_a.o
         6          0          0          0          0          0   _printf_c.o
        44          0          0          0          0        108   _printf_char.o
        48          6          0          0          0         96   _printf_char_common.o
        40          0          0          0          0         68   _printf_charcount.o
         6          0          0          0          0          0   _printf_d.o
       120         16          0          0          0         92   _printf_dec.o
         6          0          0          0          0          0   _printf_e.o
         6          0          0          0          0          0   _printf_f.o
      1052          0          0          0          0        148   _printf_fp_dec.o
       764          8         38          0          0        100   _printf_fp_hex.o
       128         16          0          0          0         84   _printf_fp_infnan.o
         6          0          0          0          0          0   _printf_g.o
       148          4         40          0          0        160   _printf_hex_int_ll_ptr.o
         6          0          0          0          0          0   _printf_i.o
       178          0          0          0          0         88   _printf_intcommon.o
        10          0          0          0          0          0   _printf_l.o
         6          0          0          0          0          0   _printf_lc.o
        10          0          0          0          0          0   _printf_ll.o
         6          0          0          0          0          0   _printf_lld.o
         6          0          0          0          0          0   _printf_lli.o
         6          0          0          0          0          0   _printf_llo.o
         6          0          0          0          0          0   _printf_llu.o
         6          0          0          0          0          0   _printf_llx.o
       124         16          0          0          0         92   _printf_longlong_dec.o
         6          0          0          0          0          0   _printf_ls.o
         6          0          0          0          0          0   _printf_n.o
         6          0          0          0          0          0   _printf_o.o
       112          8          0          0          0        124   _printf_oct_int_ll.o
         6          0          0          0          0          0   _printf_p.o
        78          0          0          0          0        108   _printf_pad.o
         0          0          0          0          0          0   _printf_percent.o
         4          0          0          0          0          0   _printf_percent_end.o
         6          0          0          0          0          0   _printf_s.o
        82          0          0          0          0         80   _printf_str.o
        36          0          0          0          0         84   _printf_truncate.o
         6          0          0          0          0          0   _printf_u.o
        44          0          0          0          0        108   _printf_wchar.o
       188          6          8          0          0         92   _printf_wctomb.o
         6          0          0          0          0          0   _printf_x.o
        10          0          0          0          0         68   _sputc.o
       228          4        148          0          0         96   bigflt0.o
      1936        128          0          0          0        668   btod.o
        18          0          0          0          0         80   exit.o
         6          0          0          0          0        152   heapauxi.o
         0          0          0          0          0          0   indicate_semi.o
        44         10        272          0          0         76   lc_ctype_c.o
        44         10         28          0          0         76   lc_numeric_c.o
         2          0          0          0          0          0   libinit.o
        30          0          0          0          0          0   libinit2.o
         2          0          0          0          0          0   libshutdown.o
         2          0          0          0          0          0   libshutdown2.o
         8          4          0          0         96         68   libspace.o
       138          0          0          0          0         80   lludiv10.o
        16          4          0          0          0         76   rt_ctype_table.o
         8          4          0          0          0         68   rt_locale_intlibspace.o
         2          0          0          0          0          0   rtexit.o
        10          0          0          0          0          0   rtexit2.o
        44          6          0          0          0         84   sprintf.o
       124          0          0          0          0         88   strcmpv7em.o
        12          4          0          0          0         68   sys_exit.o
        74          0          0          0          0         80   sys_stackheap_outer.o
         2          0          0          0          0         68   use_no_semi.o
         4          0          0          0          0         68   printf1.o
         4          0          0          0          0         68   printf2.o
         0          0          0          0          0          0   usenofp.o
        40          0          0          0          0         68   fpclassify.o

    ----------------------------------------------------------------------
      6810        266        552          0         96       4056   Library Totals
        20          0          1          0          0          0   (incl. Padding)

    ----------------------------------------------------------------------

      Code (inc. data)   RO Data    RW Data    ZI Data      Debug   Library Name

      6742        266        551          0         96       3852   c_w.l
         8          0          0          0          0        136   fz_ws.l
        40          0          0          0          0         68   m_ws.l

    ----------------------------------------------------------------------
      6810        266        552          0         96       4056   Library Totals

    ----------------------------------------------------------------------

==============================================================================


      Code (inc. data)   RO Data    RW Data    ZI Data      Debug   

     14716        902      10384          4       1776      18863   Grand Totals
     14716        902      10384          4       1776      18863   ELF Image Totals
     14716        902      10384          4          0          0   ROM Totals

==============================================================================

    Total RO  Size (Code + RO Data)                25100 (  24.51kB)
    Total RW  Size (RW Data + ZI Data)              1780 (   1.74kB)
    Total ROM Size (Code + RO Data + RW Data)      25104 (  24.52kB)

==============================================================================

